Component: ARM Compiler 5.06 update 6 (build 750) Tool: armlink [4d35ed]

==============================================================================

Section Cross References

    startup_stm32f103xb.o(STACK) refers (Special) to heapauxi.o(.text) for __use_two_region_memory
    startup_stm32f103xb.o(HEAP) refers (Special) to heapauxi.o(.text) for __use_two_region_memory
    startup_stm32f103xb.o(RESET) refers (Special) to heapauxi.o(.text) for __use_two_region_memory
    startup_stm32f103xb.o(RESET) refers to startup_stm32f103xb.o(STACK) for __initial_sp
    startup_stm32f103xb.o(RESET) refers to startup_stm32f103xb.o(.text) for Reset_Handler
    startup_stm32f103xb.o(RESET) refers to stm32f1xx_it.o(i.NMI_Handler) for NMI_Handler
    startup_stm32f103xb.o(RESET) refers to stm32f1xx_it.o(i.HardFault_Handler) for HardFault_Handler
    startup_stm32f103xb.o(RESET) refers to stm32f1xx_it.o(i.MemManage_Handler) for MemManage_Handler
    startup_stm32f103xb.o(RESET) refers to stm32f1xx_it.o(i.BusFault_Handler) for BusFault_Handler
    startup_stm32f103xb.o(RESET) refers to stm32f1xx_it.o(i.UsageFault_Handler) for UsageFault_Handler
    startup_stm32f103xb.o(RESET) refers to stm32f1xx_it.o(i.SVC_Handler) for SVC_Handler
    startup_stm32f103xb.o(RESET) refers to stm32f1xx_it.o(i.DebugMon_Handler) for DebugMon_Handler
    startup_stm32f103xb.o(RESET) refers to stm32f1xx_it.o(i.PendSV_Handler) for PendSV_Handler
    startup_stm32f103xb.o(RESET) refers to stm32f1xx_it.o(i.SysTick_Handler) for SysTick_Handler
    startup_stm32f103xb.o(RESET) refers to stm32f1xx_it.o(i.USB_LP_CAN1_RX0_IRQHandler) for USB_LP_CAN1_RX0_IRQHandler
    startup_stm32f103xb.o(RESET) refers to stm32f1xx_it.o(i.USART1_IRQHandler) for USART1_IRQHandler
    startup_stm32f103xb.o(.text) refers (Special) to heapauxi.o(.text) for __use_two_region_memory
    startup_stm32f103xb.o(.text) refers to system_stm32f1xx.o(i.SystemInit) for SystemInit
    startup_stm32f103xb.o(.text) refers to __main.o(!!!main) for __main
    startup_stm32f103xb.o(.text) refers to startup_stm32f103xb.o(HEAP) for Heap_Mem
    startup_stm32f103xb.o(.text) refers to startup_stm32f103xb.o(STACK) for Stack_Mem
    main.o(i.HAL_UART_RxCpltCallback) refers to stm32f1xx_hal_uart.o(i.HAL_UART_Transmit) for HAL_UART_Transmit
    main.o(i.HAL_UART_RxCpltCallback) refers to stm32f1xx_hal_uart.o(i.HAL_UART_Receive_IT) for HAL_UART_Receive_IT
    main.o(i.HAL_UART_RxCpltCallback) refers to usart.o(.bss) for huart1
    main.o(i.HAL_UART_RxCpltCallback) refers to main.o(.data) for .data
    main.o(i.SystemClock_Config) refers to rt_memclr_w.o(.text) for __aeabi_memclr4
    main.o(i.SystemClock_Config) refers to stm32f1xx_hal_rcc.o(i.HAL_RCC_OscConfig) for HAL_RCC_OscConfig
    main.o(i.SystemClock_Config) refers to stm32f1xx_hal_rcc.o(i.HAL_RCC_ClockConfig) for HAL_RCC_ClockConfig
    main.o(i.SystemClock_Config) refers to stm32f1xx_hal_rcc_ex.o(i.HAL_RCCEx_PeriphCLKConfig) for HAL_RCCEx_PeriphCLKConfig
    main.o(i.main) refers to stm32f1xx_hal.o(i.HAL_Init) for HAL_Init
    main.o(i.main) refers to main.o(i.SystemClock_Config) for SystemClock_Config
    main.o(i.main) refers to gpio.o(i.MX_GPIO_Init) for MX_GPIO_Init
    main.o(i.main) refers to usart.o(i.MX_USART1_UART_Init) for MX_USART1_UART_Init
    main.o(i.main) refers to usb_device.o(i.MX_USB_DEVICE_Init) for MX_USB_DEVICE_Init
    main.o(i.main) refers to tim.o(i.MX_TIM1_Init) for MX_TIM1_Init
    main.o(i.main) refers to tim.o(i.MX_TIM2_Init) for MX_TIM2_Init
    main.o(i.main) refers to stm32f1xx_hal_uart.o(i.HAL_UART_Transmit) for HAL_UART_Transmit
    main.o(i.main) refers to stm32f1xx_hal_uart.o(i.HAL_UART_Receive_IT) for HAL_UART_Receive_IT
    main.o(i.main) refers to stm32f1xx_hal_gpio.o(i.HAL_GPIO_TogglePin) for HAL_GPIO_TogglePin
    main.o(i.main) refers to stm32f1xx_hal.o(i.HAL_Delay) for HAL_Delay
    main.o(i.main) refers to usart.o(.bss) for huart1
    main.o(i.main) refers to main.o(.data) for .data
    gpio.o(i.MX_GPIO_Init) refers to stm32f1xx_hal_gpio.o(i.HAL_GPIO_WritePin) for HAL_GPIO_WritePin
    gpio.o(i.MX_GPIO_Init) refers to stm32f1xx_hal_gpio.o(i.HAL_GPIO_Init) for HAL_GPIO_Init
    tim.o(i.MX_TIM1_Init) refers to stm32f1xx_hal_tim.o(i.HAL_TIM_Base_Init) for HAL_TIM_Base_Init
    tim.o(i.MX_TIM1_Init) refers to main.o(i.Error_Handler) for Error_Handler
    tim.o(i.MX_TIM1_Init) refers to stm32f1xx_hal_tim.o(i.HAL_TIM_ConfigClockSource) for HAL_TIM_ConfigClockSource
    tim.o(i.MX_TIM1_Init) refers to stm32f1xx_hal_tim_ex.o(i.HAL_TIMEx_MasterConfigSynchronization) for HAL_TIMEx_MasterConfigSynchronization
    tim.o(i.MX_TIM1_Init) refers to tim.o(.bss) for .bss
    tim.o(i.MX_TIM2_Init) refers to stm32f1xx_hal_tim.o(i.HAL_TIM_Base_Init) for HAL_TIM_Base_Init
    tim.o(i.MX_TIM2_Init) refers to main.o(i.Error_Handler) for Error_Handler
    tim.o(i.MX_TIM2_Init) refers to stm32f1xx_hal_tim.o(i.HAL_TIM_ConfigClockSource) for HAL_TIM_ConfigClockSource
[...]
    .text                                    0x080082ba   Section        0  heapauxi.o(.text)
    .text                                    0x080082c0   Section       74  sys_stackheap_outer.o(.text)
    .text                                    0x0800830a   Section        0  exit.o(.text)
    .text                                    0x0800831c   Section        8  libspace.o(.text)
    .text                                    0x08008324   Section        0  sys_exit.o(.text)
    .text                                    0x08008330   Section        2  use_no_semi.o(.text)
    .text                                    0x08008332   Section        0  indicate_semi.o(.text)
    i.BusFault_Handler                       0x08008332   Section        0  stm32f1xx_it.o(i.BusFault_Handler)
    i.CUSTOM_HID_DeInit_FS                   0x08008334   Section        0  usbd_custom_hid_if.o(i.CUSTOM_HID_DeInit_FS)
    CUSTOM_HID_DeInit_FS                     0x08008335   Thumb Code     4  usbd_custom_hid_if.o(i.CUSTOM_HID_DeInit_FS)
    i.CUSTOM_HID_Init_FS                     0x08008338   Section        0  usbd_custom_hid_if.o(i.CUSTOM_HID_Init_FS)
    CUSTOM_HID_Init_FS                       0x08008339   Thumb Code     4  usbd_custom_hid_if.o(i.CUSTOM_HID_Init_FS)
    i.CUSTOM_HID_OutEvent_FS                 0x0800833c   Section        0  usbd_custom_hid_if.o(i.CUSTOM_HID_OutEvent_FS)
    CUSTOM_HID_OutEvent_FS                   0x0800833d   Thumb Code     4  usbd_custom_hid_if.o(i.CUSTOM_HID_OutEvent_FS)
    i.DebugMon_Handler                       0x08008340   Section        0  stm32f1xx_it.o(i.DebugMon_Handler)
    i.Error_Handler                          0x08008342   Section        0  main.o(i.Error_Handler)
    i.HAL_DMA_Abort                          0x08008346   Section        0  stm32f1xx_hal_dma.o(i.HAL_DMA_Abort)
    i.HAL_DMA_Abort_IT                       0x0800838c   Section        0  stm32f1xx_hal_dma.o(i.HAL_DMA_Abort_IT)
    i.HAL_Delay                              0x08008424   Section        0  stm32f1xx_hal.o(i.HAL_Delay)
    i.HAL_GPIO_Init                          0x08008448   Section        0  stm32f1xx_hal_gpio.o(i.HAL_GPIO_Init)
    i.HAL_GPIO_TogglePin                     0x08008628   Section        0  stm32f1xx_hal_gpio.o(i.HAL_GPIO_TogglePin)
    i.HAL_GPIO_WritePin                      0x08008638   Section        0  stm32f1xx_hal_gpio.o(i.HAL_GPIO_WritePin)
    i.HAL_GetTick                            0x08008644   Section        0  stm32f1xx_hal.o(i.HAL_GetTick)
    i.HAL_IncTick                            0x08008650   Section        0  stm32f1xx_hal.o(i.HAL_IncTick)
    i.HAL_Init                               0x08008660   Section        0  stm32f1xx_hal.o(i.HAL_Init)
    i.HAL_InitTick                           0x08008684   Section        0  stm32f1xx_hal.o(i.HAL_InitTick)
    i.HAL_MspInit                            0x080086c4   Section        0  stm32f1xx_hal_msp.o(i.HAL_MspInit)
    i.HAL_NVIC_EnableIRQ                     0x08008700   Section        0  stm32f1xx_hal_cortex.o(i.HAL_NVIC_EnableIRQ)
    i.HAL_NVIC_SetPriority                   0x0800871c   Section        0  stm32f1xx_hal_cortex.o(i.HAL_NVIC_SetPriority)
    i.HAL_NVIC_SetPriorityGrouping           0x0800875c   Section        0  stm32f1xx_hal_cortex.o(i.HAL_NVIC_SetPriorityGrouping)
    i.HAL_PCDEx_PMAConfig                    0x08008780   Section        0  stm32f1xx_hal_pcd_ex.o(i.HAL_PCDEx_PMAConfig)
    i.HAL_PCDEx_SetConnectionState           0x080087bc   Section        0  usbd_conf.o(i.HAL_PCDEx_SetConnectionState)
    i.HAL_PCD_DataInStageCallback            0x080087be   Section        0  usbd_conf.o(i.HAL_PCD_DataInStageCallback)
    i.HAL_PCD_DataOutStageCallback           0x080087d0   Section        0  usbd_conf.o(i.HAL_PCD_DataOutStageCallback)
    i.HAL_PCD_EP_Close                       0x080087e4   Section        0  stm32f1xx_hal_pcd.o(i.HAL_PCD_EP_Close)
    i.HAL_PCD_EP_ClrStall                    0x08008830   Section        0  stm32f1xx_hal_pcd.o(i.HAL_PCD_EP_ClrStall)
    i.HAL_PCD_EP_DB_Receive                  0x0800888c   Section        0  stm32f1xx_hal_pcd.o(i.HAL_PCD_EP_DB_Receive)
    HAL_PCD_EP_DB_Receive                    0x0800888d   Thumb Code   230  stm32f1xx_hal_pcd.o(i.HAL_PCD_EP_DB_Receive)
    i.HAL_PCD_EP_DB_Transmit                 0x08008972   Section        0  stm32f1xx_hal_pcd.o(i.HAL_PCD_EP_DB_Transmit)
    HAL_PCD_EP_DB_Transmit                   0x08008973   Thumb Code   824  stm32f1xx_hal_pcd.o(i.HAL_PCD_EP_DB_Transmit)
    i.HAL_PCD_EP_Open                        0x08008caa   Section        0  stm32f1xx_hal_pcd.o(i.HAL_PCD_EP_Open)
    i.HAL_PCD_EP_Receive                     0x08008d04   Section        0  stm32f1xx_hal_pcd.o(i.HAL_PCD_EP_Receive)
    i.HAL_PCD_EP_SetStall                    0x08008d32   Section        0  stm32f1xx_hal_pcd.o(i.HAL_PCD_EP_SetStall)
    i.HAL_PCD_EP_Transmit                    0x08008da4   Section        0  stm32f1xx_hal_pcd.o(i.HAL_PCD_EP_Transmit)
    i.HAL_PCD_IRQHandler                     0x08008dd4   Section        0  stm32f1xx_hal_pcd.o(i.HAL_PCD_IRQHandler)
    i.HAL_PCD_Init                           0x08008f08   Section        0  stm32f1xx_hal_pcd.o(i.HAL_PCD_Init)
    i.HAL_PCD_MspInit                        0x08008fe4   Section        0  usbd_conf.o(i.HAL_PCD_MspInit)
    i.HAL_PCD_ResetCallback                  0x08009020   Section        0  usbd_conf.o(i.HAL_PCD_ResetCallback)
    i.HAL_PCD_ResumeCallback                 0x08009046   Section        0  usbd_conf.o(i.HAL_PCD_ResumeCallback)
    i.HAL_PCD_SOFCallback                    0x0800904e   Section        0  usbd_conf.o(i.HAL_PCD_SOFCallback)
    i.HAL_PCD_SetAddress                     0x08009056   Section        0  stm32f1xx_hal_pcd.o(i.HAL_PCD_SetAddress)
    i.HAL_PCD_SetupStageCallback             0x0800907e   Section        0  usbd_conf.o(i.HAL_PCD_SetupStageCallback)
    i.HAL_PCD_Start                          0x0800908c   Section        0  stm32f1xx_hal_pcd.o(i.HAL_PCD_Start)
    i.HAL_PCD_SuspendCallback                0x080090c0   Section        0  usbd_conf.o(i.HAL_PCD_SuspendCallback)
    i.HAL_RCCEx_PeriphCLKConfig              0x080090e4   Section        0  stm32f1xx_hal_rcc_ex.o(i.HAL_RCCEx_PeriphCLKConfig)
    i.HAL_RCC_ClockConfig                    0x080091d0   Section        0  stm32f1xx_hal_rcc.o(i.HAL_RCC_ClockConfig)
    i.HAL_RCC_GetPCLK1Freq                   0x080092fc   Section        0  stm32f1xx_hal_rcc.o(i.HAL_RCC_GetPCLK1Freq)
    i.HAL_RCC_GetPCLK2Freq                   0x0800931c   Section        0  stm32f1xx_hal_rcc.o(i.HAL_RCC_GetPCLK2Freq)
    i.HAL_RCC_GetSysClockFreq                0x0800933c   Section        0  stm32f1xx_hal_rcc.o(i.HAL_RCC_GetSysClockFreq)
    i.HAL_RCC_OscConfig                      0x08009388   Section        0  stm32f1xx_hal_rcc.o(i.HAL_RCC_OscConfig)
    i.HAL_SYSTICK_Config                     0x080096a8   Section        0  stm32f1xx_hal_cortex.o(i.HAL_SYSTICK_Config)
    i.HAL_TIMEx_MasterConfigSynchronization  0x080096d0   Section        0  stm32f1xx_hal_tim_ex.o(i.HAL_TIMEx_MasterConfigSynchronization)
    i.HAL_TIM_Base_Init                      0x08009738   Section        0  stm32f1xx_hal_tim.o(i.HAL_TIM_Base_Init)
    i.HAL_TIM_Base_MspInit                   0x08009794   Section        0  tim.o(i.HAL_TIM_Base_MspInit)
    i.HAL_TIM_ConfigClockSource              0x080097d0   Section        0  stm32f1xx_hal_tim.o(i.HAL_TIM_ConfigClockSource)
    i.HAL_UARTEx_RxEventCallback             0x080098ac   Section        0  stm32f1xx_hal_uart.o(i.HAL_UARTEx_RxEventCallback)
    i.HAL_UART_ErrorCallback                 0x080098ae   Section        0  stm32f1xx_hal_uart.o(i.HAL_UART_ErrorCallback)
    i.HAL_UART_IRQHandler                    0x080098b0   Section        0  stm32f1xx_hal_uart.o(i.HAL_UART_IRQHandler)
    i.HAL_UART_Init                          0x08009b1c   Section        0  stm32f1xx_hal_uart.o(i.HAL_UART_Init)
    i.HAL_UART_MspInit                       0x08009b80   Section        0  usart.o(i.HAL_UART_MspInit)
    i.HAL_UART_Receive_IT                    0x08009c00   Section        0  stm32f1xx_hal_uart.o(i.HAL_UART_Receive_IT)
    i.HAL_UART_RxCpltCallback                0x08009c1c   Section        0  main.o(i.HAL_UART_RxCpltCallback)
    i.HAL_UART_Transmit                      0x08009c44   Section        0  stm32f1xx_hal_uart.o(i.HAL_UART_Transmit)
    i.HAL_UART_TxCpltCallback                0x08009cde   Section        0  stm32f1xx_hal_uart.o(i.HAL_UART_TxCpltCallback)
    i.HardFault_Handler                      0x08009ce0   Section        0  stm32f1xx_it.o(i.HardFault_Handler)
    i.IntToUnicode                           0x08009ce4   Section        0  usbd_desc.o(i.IntToUnicode)
    IntToUnicode                             0x08009ce5   Thumb Code    56  usbd_desc.o(i.IntToUnicode)
    i.MX_GPIO_Init                           0x08009d1c   Section        0  gpio.o(i.MX_GPIO_Init)
    i.MX_TIM1_Init                           0x08009d8c   Section        0  tim.o(i.MX_TIM1_Init)
    i.MX_TIM2_Init                           0x08009df4   Section        0  tim.o(i.MX_TIM2_Init)
    i.MX_USART1_UART_Init                    0x08009e58   Section        0  usart.o(i.MX_USART1_UART_Init)
    i.MX_USB_DEVICE_Init                     0x08009e90   Section        0  usb_device.o(i.MX_USB_DEVICE_Init)
    i.MemManage_Handler                      0x08009ee4   Section        0  stm32f1xx_it.o(i.MemManage_Handler)
    i.NMI_Handler                            0x08009ee6   Section        0  stm32f1xx_it.o(i.NMI_Handler)
    i.PCD_EP_ISR_Handler                     0x08009ee8   Section        0  stm32f1xx_hal_pcd.o(i.PCD_EP_ISR_Handler)
    PCD_EP_ISR_Handler                       0x08009ee9   Thumb Code   940  stm32f1xx_hal_pcd.o(i.PCD_EP_ISR_Handler)
    i.PendSV_Handler                         0x0800a294   Section        0  stm32f1xx_it.o(i.PendSV_Handler)
    i.SVC_Handler                            0x0800a296   Section        0  stm32f1xx_it.o(i.SVC_Handler)
    i.SysTick_Handler                        0x0800a298   Section        0  stm32f1xx_it.o(i.SysTick_Handler)
    i.SystemClock_Config                     0x0800a29c   Section        0  main.o(i.SystemClock_Config)
    i.SystemInit                             0x0800a312   Section        0  system_stm32f1xx.o(i.SystemInit)
    i.TIM_Base_SetConfig                     0x0800a314   Section        0  stm32f1xx_hal_tim.o(i.TIM_Base_SetConfig)
    i.TIM_ETR_SetConfig                      0x0800a380   Section        0  stm32f1xx_hal_tim.o(i.TIM_ETR_SetConfig)
    i.TIM_ITRx_SetConfig                     0x0800a394   Section        0  stm32f1xx_hal_tim.o(i.TIM_ITRx_SetConfig)
    TIM_ITRx_SetConfig                       0x0800a395   Thumb Code    16  stm32f1xx_hal_tim.o(i.TIM_ITRx_SetConfig)
    i.TIM_TI1_ConfigInputStage               0x0800a3a4   Section        0  stm32f1xx_hal_tim.o(i.TIM_TI1_ConfigInputStage)
    TIM_TI1_ConfigInputStage                 0x0800a3a5   Thumb Code    34  stm32f1xx_hal_tim.o(i.TIM_TI1_ConfigInputStage)
    i.TIM_TI2_ConfigInputStage               0x0800a3c6   Section        0  stm32f1xx_hal_tim.o(i.TIM_TI2_ConfigInputStage)
    TIM_TI2_ConfigInputStage                 0x0800a3c7   Thumb Code    36  stm32f1xx_hal_tim.o(i.TIM_TI2_ConfigInputStage)
    i.UART_DMAAbortOnError                   0x0800a3ea   Section        0  stm32f1xx_hal_uart.o(i.UART_DMAAbortOnError)
    UART_DMAAbortOnError                     0x0800a3eb   Thumb Code    16  stm32f1xx_hal_uart.o(i.UART_DMAAbortOnError)
    i.UART_EndRxTransfer                     0x0800a3fa   Section        0  stm32f1xx_hal_uart.o(i.UART_EndRxTransfer)
    UART_EndRxTransfer                       0x0800a3fb   Thumb Code    78  stm32f1xx_hal_uart.o(i.UART_EndRxTransfer)
    i.UART_Receive_IT                        0x0800a448   Section        0  stm32f1xx_hal_uart.o(i.UART_Receive_IT)
    UART_Receive_IT                          0x0800a449   Thumb Code   194  stm32f1xx_hal_uart.o(i.UART_Receive_IT)
    i.UART_SetConfig                         0x0800a50c   Section        0  stm32f1xx_hal_uart.o(i.UART_SetConfig)
    UART_SetConfig                           0x0800a50d   Thumb Code   178  stm32f1xx_hal_uart.o(i.UART_SetConfig)
    i.UART_Start_Receive_IT                  0x0800a5c4   Section        0  stm32f1xx_hal_uart.o(i.UART_Start_Receive_IT)
    i.UART_WaitOnFlagUntilTimeout            0x0800a5fa   Section        0  stm32f1xx_hal_uart.o(i.UART_WaitOnFlagUntilTimeout)
    UART_WaitOnFlagUntilTimeout              0x0800a5fb   Thumb Code   120  stm32f1xx_hal_uart.o(i.UART_WaitOnFlagUntilTimeout)
    i.USART1_IRQHandler                      0x0800a674   Section        0  stm32f1xx_it.o(i.USART1_IRQHandler)
    i.USBD_CUSTOM_HID_DataIn                 0x0800a680   Section        0  usbd_customhid.o(i.USBD_CUSTOM_HID_DataIn)
    USBD_CUSTOM_HID_DataIn                   0x0800a681   Thumb Code    12  usbd_customhid.o(i.USBD_CUSTOM_HID_DataIn)
    i.USBD_CUSTOM_HID_DataOut                0x0800a68c   Section        0  usbd_customhid.o(i.USBD_CUSTOM_HID_DataOut)
    USBD_CUSTOM_HID_DataOut                  0x0800a68d   Thumb Code    36  usbd_customhid.o(i.USBD_CUSTOM_HID_DataOut)
    i.USBD_CUSTOM_HID_DeInit                 0x0800a6b0   Section        0  usbd_customhid.o(i.USBD_CUSTOM_HID_DeInit)
    USBD_CUSTOM_HID_DeInit                   0x0800a6b1   Thumb Code    56  usbd_customhid.o(i.USBD_CUSTOM_HID_DeInit)
    i.USBD_CUSTOM_HID_EP0_RxReady            0x0800a6e8   Section        0  usbd_customhid.o(i.USBD_CUSTOM_HID_EP0_RxReady)
    USBD_CUSTOM_HID_EP0_RxReady              0x0800a6e9   Thumb Code    34  usbd_customhid.o(i.USBD_CUSTOM_HID_EP0_RxReady)
    i.USBD_CUSTOM_HID_GetDeviceQualifierDesc 0x0800a70c   Section        0  usbd_customhid.o(i.USBD_CUSTOM_HID_GetDeviceQualifierDesc)
    USBD_CUSTOM_HID_GetDeviceQualifierDesc   0x0800a70d   Thumb Code     8  usbd_customhid.o(i.USBD_CUSTOM_HID_GetDeviceQualifierDesc)
    i.USBD_CUSTOM_HID_GetFSCfgDesc           0x0800a718   Section        0  usbd_customhid.o(i.USBD_CUSTOM_HID_GetFSCfgDesc)
    USBD_CUSTOM_HID_GetFSCfgDesc             0x0800a719   Thumb Code     8  usbd_customhid.o(i.USBD_CUSTOM_HID_GetFSCfgDesc)
    i.USBD_CUSTOM_HID_GetHSCfgDesc           0x0800a724   Section        0  usbd_customhid.o(i.USBD_CUSTOM_HID_GetHSCfgDesc)
    USBD_CUSTOM_HID_GetHSCfgDesc             0x0800a725   Thumb Code     8  usbd_customhid.o(i.USBD_CUSTOM_HID_GetHSCfgDesc)
    i.USBD_CUSTOM_HID_GetOtherSpeedCfgDesc   0x0800a730   Section        0  usbd_customhid.o(i.USBD_CUSTOM_HID_GetOtherSpeedCfgDesc)
    USBD_CUSTOM_HID_GetOtherSpeedCfgDesc     0x0800a731   Thumb Code     8  usbd_customhid.o(i.USBD_CUSTOM_HID_GetOtherSpeedCfgDesc)
    i.USBD_CUSTOM_HID_Init                   0x0800a73c   Section        0  usbd_customhid.o(i.USBD_CUSTOM_HID_Init)
    USBD_CUSTOM_HID_Init                     0x0800a73d   Thumb Code    82  usbd_customhid.o(i.USBD_CUSTOM_HID_Init)
    i.USBD_CUSTOM_HID_RegisterInterface      0x0800a78e   Section        0  usbd_customhid.o(i.USBD_CUSTOM_HID_RegisterInterface)
    i.USBD_CUSTOM_HID_Setup                  0x0800a7a0   Section        0  usbd_customhid.o(i.USBD_CUSTOM_HID_Setup)
    USBD_CUSTOM_HID_Setup                    0x0800a7a1   Thumb Code   216  usbd_customhid.o(i.USBD_CUSTOM_HID_Setup)
    i.USBD_ClrClassConfig                    0x0800a87c   Section        0  usbd_core.o(i.USBD_ClrClassConfig)
    i.USBD_CtlContinueRx                     0x0800a88a   Section        0  usbd_ioreq.o(i.USBD_CtlContinueRx)
    i.USBD_CtlContinueSendData               0x0800a89a   Section        0  usbd_ioreq.o(i.USBD_CtlContinueSendData)
    i.USBD_CtlError                          0x0800a8aa   Section        0  usbd_ctlreq.o(i.USBD_CtlError)
    i.USBD_CtlPrepareRx                      0x0800a8c0   Section        0  usbd_ioreq.o(i.USBD_CtlPrepareRx)
    i.USBD_CtlReceiveStatus                  0x0800a8de   Section        0  usbd_ioreq.o(i.USBD_CtlReceiveStatus)
    i.USBD_CtlSendData                       0x0800a8f4   Section        0  usbd_ioreq.o(i.USBD_CtlSendData)
    i.USBD_CtlSendStatus                     0x0800a90e   Section        0  usbd_ioreq.o(i.USBD_CtlSendStatus)
    i.USBD_FS_ConfigStrDescriptor            0x0800a924   Section        0  usbd_desc.o(i.USBD_FS_ConfigStrDescriptor)
    i.USBD_FS_DeviceDescriptor               0x0800a94c   Section        0  usbd_desc.o(i.USBD_FS_DeviceDescriptor)
    i.USBD_FS_InterfaceStrDescriptor         0x0800a958   Section        0  usbd_desc.o(i.USBD_FS_InterfaceStrDescriptor)
    i.USBD_FS_LangIDStrDescriptor            0x0800a984   Section        0  usbd_desc.o(i.USBD_FS_LangIDStrDescriptor)
    i.USBD_FS_ManufacturerStrDescriptor      0x0800a990   Section        0  usbd_desc.o(i.USBD_FS_ManufacturerStrDescriptor)
    i.USBD_FS_ProductStrDescriptor           0x0800a9b8   Section        0  usbd_desc.o(i.USBD_FS_ProductStrDescriptor)
    i.USBD_FS_SerialStrDescriptor            0x0800a9ec   Section        0  usbd_desc.o(i.USBD_FS_SerialStrDescriptor)
    i.USBD_GetDescriptor                     0x0800aa24   Section        0  usbd_ctlreq.o(i.USBD_GetDescriptor)
    USBD_GetDescriptor                       0x0800aa25   Thumb Code   232  usbd_ctlreq.o(i.USBD_GetDescriptor)
    i.USBD_GetString                         0x0800ab0c   Section        0  usbd_ctlreq.o(i.USBD_GetString)
    i.USBD_Get_USB_Status                    0x0800ab54   Section        0  usbd_conf.o(i.USBD_Get_USB_Status)
    USBD_Get_USB_Status                      0x0800ab55   Thumb Code    24  usbd_conf.o(i.USBD_Get_USB_Status)
    i.USBD_Init                              0x0800ab6c   Section        0  usbd_core.o(i.USBD_Init)
    i.USBD_LL_ClearStallEP                   0x0800ab96   Section        0  usbd_conf.o(i.USBD_LL_ClearStallEP)
    i.USBD_LL_CloseEP                        0x0800aba8   Section        0  usbd_conf.o(i.USBD_LL_CloseEP)
    i.USBD_LL_DataInStage                    0x0800abba   Section        0  usbd_core.o(i.USBD_LL_DataInStage)
    i.USBD_LL_DataOutStage                   0x0800ac80   Section        0  usbd_core.o(i.USBD_LL_DataOutStage)
    i.USBD_LL_Init                           0x0800ad04   Section        0  usbd_conf.o(i.USBD_LL_Init)
    i.USBD_LL_IsStallEP                      0x0800ad74   Section        0  usbd_conf.o(i.USBD_LL_IsStallEP)
    i.USBD_LL_OpenEP                         0x0800ad94   Section        0  usbd_conf.o(i.USBD_LL_OpenEP)
    i.USBD_LL_PrepareReceive                 0x0800adac   Section        0  usbd_conf.o(i.USBD_LL_PrepareReceive)
    i.USBD_LL_Reset                          0x0800adbe   Section        0  usbd_core.o(i.USBD_LL_Reset)
    i.USBD_LL_Resume                         0x0800ae0e   Section        0  usbd_core.o(i.USBD_LL_Resume)
    i.USBD_LL_SOF                            0x0800ae22   Section        0  usbd_core.o(i.USBD_LL_SOF)
    i.USBD_LL_SetSpeed                       0x0800ae3a   Section        0  usbd_core.o(i.USBD_LL_SetSpeed)
    i.USBD_LL_SetUSBAddress                  0x0800ae40   Section        0  usbd_conf.o(i.USBD_LL_SetUSBAddress)
    i.USBD_LL_SetupStage                     0x0800ae52   Section        0  usbd_core.o(i.USBD_LL_SetupStage)
    i.USBD_LL_StallEP                        0x0800aeac   Section        0  usbd_conf.o(i.USBD_LL_StallEP)
    i.USBD_LL_Start                          0x0800aebe   Section        0  usbd_conf.o(i.USBD_LL_Start)
    i.USBD_LL_Suspend                        0x0800aed0   Section        0  usbd_core.o(i.USBD_LL_Suspend)
    i.USBD_LL_Transmit                       0x0800aee2   Section        0  usbd_conf.o(i.USBD_LL_Transmit)
    i.USBD_ParseSetupRequest                 0x0800aef4   Section        0  usbd_ctlreq.o(i.USBD_ParseSetupRequest)
    i.USBD_RegisterClass                     0x0800af1c   Section        0  usbd_core.o(i.USBD_RegisterClass)
    i.USBD_SetClassConfig                    0x0800af2c   Section        0  usbd_core.o(i.USBD_SetClassConfig)
    i.USBD_SetConfig                         0x0800af44   Section        0  usbd_ctlreq.o(i.USBD_SetConfig)
    USBD_SetConfig                           0x0800af45   Thumb Code   128  usbd_ctlreq.o(i.USBD_SetConfig)
    i.USBD_Start                             0x0800afc8   Section        0  usbd_core.o(i.USBD_Start)
    i.USBD_StdDevReq                         0x0800afd2   Section        0  usbd_ctlreq.o(i.USBD_StdDevReq)
    i.USBD_StdEPReq                          0x0800b0e4   Section        0  usbd_ctlreq.o(i.USBD_StdEPReq)
    i.USBD_StdItfReq                         0x0800b234   Section        0  usbd_ctlreq.o(i.USBD_StdItfReq)
    i.USBD_static_free                       0x0800b282   Section        0  usbd_conf.o(i.USBD_static_free)
    i.USBD_static_malloc                     0x0800b284   Section        0  usbd_conf.o(i.USBD_static_malloc)
    i.USB_ActivateEndpoint                   0x0800b28c   Section        0  stm32f1xx_ll_usb.o(i.USB_ActivateEndpoint)
    i.USB_CoreInit                           0x0800b528   Section        0  stm32f1xx_ll_usb.o(i.USB_CoreInit)
    i.USB_DeactivateEndpoint                 0x0800b52c   Section        0  stm32f1xx_ll_usb.o(i.USB_DeactivateEndpoint)
    i.USB_DevConnect                         0x0800b63a   Section        0  stm32f1xx_ll_usb.o(i.USB_DevConnect)
    i.USB_DevDisconnect                      0x0800b63e   Section        0  stm32f1xx_ll_usb.o(i.USB_DevDisconnect)
    i.USB_DevInit                            0x0800b642   Section        0  stm32f1xx_ll_usb.o(i.USB_DevInit)
    i.USB_DisableGlobalInt                   0x0800b654   Section        0  stm32f1xx_ll_usb.o(i.USB_DisableGlobalInt)
    i.USB_EP0_OutStart                       0x0800b662   Section        0  stm32f1xx_ll_usb.o(i.USB_EP0_OutStart)
    i.USB_EPClearStall                       0x0800b666   Section        0  stm32f1xx_ll_usb.o(i.USB_EPClearStall)
    i.USB_EPSetStall                         0x0800b6de   Section        0  stm32f1xx_ll_usb.o(i.USB_EPSetStall)
    i.USB_EPStartXfer                        0x0800b710   Section        0  stm32f1xx_ll_usb.o(i.USB_EPStartXfer)
    i.USB_EnableGlobalInt                    0x0800bbf2   Section        0  stm32f1xx_ll_usb.o(i.USB_EnableGlobalInt)
    i.USB_LP_CAN1_RX0_IRQHandler             0x0800bc04   Section        0  stm32f1xx_it.o(i.USB_LP_CAN1_RX0_IRQHandler)
    i.USB_ReadInterrupts                     0x0800bc10   Section        0  stm32f1xx_ll_usb.o(i.USB_ReadInterrupts)
    i.USB_ReadPMA                            0x0800bc18   Section        0  stm32f1xx_ll_usb.o(i.USB_ReadPMA)
    i.USB_SetCurrentMode                     0x0800bc44   Section        0  stm32f1xx_ll_usb.o(i.USB_SetCurrentMode)
    i.USB_SetDevAddress                      0x0800bc48   Section        0  stm32f1xx_ll_usb.o(i.USB_SetDevAddress)
    i.USB_WritePMA                           0x0800bc54   Section        0  stm32f1xx_ll_usb.o(i.USB_WritePMA)
    i.UsageFault_Handler                     0x0800bc7a   Section        0  stm32f1xx_it.o(i.UsageFault_Handler)
    i.__NVIC_SetPriority                     0x0800bc7c   Section        0  stm32f1xx_hal_cortex.o(i.__NVIC_SetPriority)
    __NVIC_SetPriority                       0x0800bc7d   Thumb Code    32  stm32f1xx_hal_cortex.o(i.__NVIC_SetPriority)
    i.main                                   0x0800bc9c   Section        0  main.o(i.main)
    .constdata                               0x0800bd48   Section       18  stm32f1xx_hal_rcc.o(.constdata)
    aPredivFactorTable                       0x0800bd48   Data           2  stm32f1xx_hal_rcc.o(.constdata)
    aPLLMULFactorTable                       0x0800bd4a   Data          16  stm32f1xx_hal_rcc.o(.constdata)
    .constdata                               0x0800bd5a   Section       16  system_stm32f1xx.o(.constdata)
    .constdata                               0x0800bd6a   Section        8  system_stm32f1xx.o(.constdata)
    .data                                    0x20002800   Section        1  main.o(.data)
    .data                                    0x20002804   Section       28  usbd_desc.o(.data)
    .data                                    0x20002820   Section       50  usbd_desc.o(.data)
    .data                                    0x20002854   Section        2  usbd_custom_hid_if.o(.data)
    CUSTOM_HID_ReportDesc_FS                 0x20002854   Data           2  usbd_custom_hid_if.o(.data)
    .data                                    0x20002858   Section       16  usbd_custom_hid_if.o(.data)
    .data                                    0x20002868   Section       12  stm32f1xx_hal.o(.data)
    .data                                    0x20002874   Section        4  system_stm32f1xx.o(.data)
    .data                                    0x20002878   Section        1  usbd_ctlreq.o(.data)
    cfgidx                                   0x20002878   Data           1  usbd_ctlreq.o(.data)
    .data                                    0x2000287c   Section       56  usbd_customhid.o(.data)
    .data                                    0x200028b4   Section      154  usbd_customhid.o(.data)
    USBD_CUSTOM_HID_CfgFSDesc                0x200028b4   Data          41  usbd_customhid.o(.data)
    USBD_CUSTOM_HID_CfgHSDesc                0x200028e0   Data          41  usbd_customhid.o(.data)
    USBD_CUSTOM_HID_OtherSpeedCfgDesc        0x2000290c   Data          41  usbd_customhid.o(.data)
    USBD_CUSTOM_HID_Desc                     0x20002938   Data           9  usbd_customhid.o(.data)
    USBD_CUSTOM_HID_DeviceQualifierDesc      0x20002944   Data          10  usbd_customhid.o(.data)
    .bss                                     0x20002950   Section      144  tim.o(.bss)
    .bss                                     0x200029e0   Section       72  usart.o(.bss)
    .bss                                     0x20002a28   Section      708  usb_device.o(.bss)
    .bss                                     0x20002cec   Section      512  usbd_desc.o(.bss)
    .bss                                     0x20002eec   Section      780  usbd_conf.o(.bss)
    mem                                      0x20002eec   Data          28  usbd_conf.o(.bss)
    .bss                                     0x200031f8   Section       96  libspace.o(.bss)
    HEAP                                     0x20003258   Section      512  startup_stm32f103xb.o(HEAP)
    Heap_Mem                                 0x20003258   Data         512  startup_stm32f103xb.o(HEAP)
    STACK                                    0x20003458   Section     1024  startup_stm32f103xb.o(STACK)
    Stack_Mem                                0x20003458   Data        1024  startup_stm32f103xb.o(STACK)
    __initial_sp                             0x20003858   Data           0  startup_stm32f103xb.o(STACK)

    Global Symbols

    Symbol Name                              Value     Ov Type        Size  Object(Section)

    BuildAttributes$$THM_ISAv4$P$D$K$B$S$PE$A:L22UL41UL21$X:L11$S22US41US21$IEEE1$IW$USESV6$~STKCKD$USESV7$~SHL$OSPACE$ROPI$EBA8$UX$STANDARDLIB$REQ8$PRES8$EABIv2 0x00000000   Number         0  anon$$obj.o ABSOLUTE
    __ARM_use_no_argv                        0x00000000   Number         0  main.o ABSOLUTE
    __ARM_exceptions_init                     - Undefined Weak Reference
    __alloca_initialize                       - Undefined Weak Reference
    __arm_preinit_                            - Undefined Weak Reference
    __cpp_initialize__aeabi_                  - Undefined Weak Reference
    __cxa_finalize                            - Undefined Weak Reference
    __rt_locale                               - Undefined Weak Reference
    __sigvec_lookup                           - Undefined Weak Reference
    _atexit_init                              - Undefined Weak Reference
    _call_atexit_fns                          - Undefined Weak Reference
    _clock_init                               - Undefined Weak Reference
    _fp_trap_init                             - Undefined Weak Reference
    _fp_trap_shutdown                         - Undefined Weak Reference
    _get_lc_collate                           - Undefined Weak Reference
    _get_lc_ctype                             - Undefined Weak Reference
    _get_lc_monetary                          - Undefined Weak Reference
    _get_lc_numeric                           - Undefined Weak Reference
    _get_lc_time                              - Undefined Weak Reference
    _getenv_init                              - Undefined Weak Reference
    _handle_redirection                       - Undefined Weak Reference
    _init_alloc                               - Undefined Weak Reference
    _init_user_alloc                          - Undefined Weak Reference
    _initio                                   - Undefined Weak Reference
    _rand_init                                - Undefined Weak Reference
    _signal_finish                            - Undefined Weak Reference
    _signal_init                              - Undefined Weak Reference
    _terminate_alloc                          - Undefined Weak Reference
    _terminate_user_alloc                     - Undefined Weak Reference
    _terminateio                              - Undefined Weak Reference
    __Vectors_Size                           0x000000ec   Number         0  startup_stm32f103xb.o ABSOLUTE
    __Vectors                                0x08008000   Data           4  startup_stm32f103xb.o(RESET)
    __Vectors_End                            0x080080ec   Data           0  startup_stm32f103xb.o(RESET)
    __main                                   0x080080ed   Thumb Code     8  __main.o(!!!main)
    __scatterload                            0x080080f5   Thumb Code     0  __scatter.o(!!!scatter)
    __scatterload_rt2                        0x080080f5   Thumb Code    44  __scatter.o(!!!scatter)
    __scatterload_rt2_thumb_only             0x080080f5   Thumb Code     0  __scatter.o(!!!scatter)
    __scatterload_null                       0x08008103   Thumb Code     0  __scatter.o(!!!scatter)
    __decompress                             0x08008129   Thumb Code    90  __dczerorl2.o(!!dczerorl2)
    __decompress1                            0x08008129   Thumb Code     0  __dczerorl2.o(!!dczerorl2)
    __scatterload_zeroinit                   0x08008185   Thumb Code    28  __scatter_zi.o(!!handler_zi)
    __rt_lib_init                            0x080081a1   Thumb Code     0  libinit.o(.ARM.Collect$$libinit$$00000000)
    __rt_lib_init_alloca_1                   0x080081a3   Thumb Code     0  libinit2.o(.ARM.Collect$$libinit$$0000002E)
    __rt_lib_init_argv_1                     0x080081a3   Thumb Code     0  libinit2.o(.ARM.Collect$$libinit$$0000002C)
    __rt_lib_init_atexit_1                   0x080081a3   Thumb Code     0  libinit2.o(.ARM.Collect$$libinit$$0000001B)
    __rt_lib_init_clock_1                    0x080081a3   Thumb Code     0  libinit2.o(.ARM.Collect$$libinit$$00000021)
    __rt_lib_init_cpp_1                      0x080081a3   Thumb Code     0  libinit2.o(.ARM.Collect$$libinit$$00000032)
    __rt_lib_init_exceptions_1               0x080081a3   Thumb Code     0  libinit2.o(.ARM.Collect$$libinit$$00000030)
    __rt_lib_init_fp_1                       0x080081a3   Thumb Code     0  libinit2.o(.ARM.Collect$$libinit$$00000002)
    __rt_lib_init_fp_trap_1                  0x080081a3   Thumb Code     0  libinit2.o(.ARM.Collect$$libinit$$0000001F)
    __rt_lib_init_getenv_1                   0x080081a3   Thumb Code     0  libinit2.o(.ARM.Collect$$libinit$$00000023)
    __rt_lib_init_heap_1                     0x080081a3   Thumb Code     0  libinit2.o(.ARM.Collect$$libinit$$0000000A)
    __rt_lib_init_lc_collate_1               0x080081a3   Thumb Code     0  libinit2.o(.ARM.Collect$$libinit$$00000011)
    __rt_lib_init_lc_ctype_1                 0x080081a3   Thumb Code     0  libinit2.o(.ARM.Collect$$libinit$$00000013)
    __rt_lib_init_lc_monetary_1              0x080081a3   Thumb Code     0  libinit2.o(.ARM.Collect$$libinit$$00000015)
    __rt_lib_init_lc_numeric_1               0x080081a3   Thumb Code     0  libinit2.o(.ARM.Collect$$libinit$$00000017)
    __rt_lib_init_lc_time_1                  0x080081a3   Thumb Code     0  libinit2.o(.ARM.Collect$$libinit$$00000019)
    __rt_lib_init_preinit_1                  0x080081a3   Thumb Code     0  libinit2.o(.ARM.Collect$$libinit$$00000004)
    __rt_lib_init_rand_1                     0x080081a3   Thumb Code     0  libinit2.o(.ARM.Collect$$libinit$$0000000E)
    __rt_lib_init_return                     0x080081a3   Thumb Code     0  libinit2.o(.ARM.Collect$$libinit$$00000033)
    __rt_lib_init_signal_1                   0x080081a3   Thumb Code     0  libinit2.o(.ARM.Collect$$libinit$$0000001D)
    __rt_lib_init_stdio_1                    0x080081a3   Thumb Code     0  libinit2.o(.ARM.Collect$$libinit$$00000025)
    __rt_lib_init_user_alloc_1               0x080081a3   Thumb Code     0  libinit2.o(.ARM.Collect$$libinit$$0000000C)
    __rt_lib_shutdown                        0x080081a5   Thumb Code     0  libshutdown.o(.ARM.Collect$$libshutdown$$00000000)
    __rt_lib_shutdown_cpp_1                  0x080081a7   Thumb Code     0  libshutdown2.o(.ARM.Collect$$libshutdown$$00000002)
    __rt_lib_shutdown_fp_trap_1              0x080081a7   Thumb Code     0  libshutdown2.o(.ARM.Collect$$libshutdown$$00000007)
    __rt_lib_shutdown_heap_1                 0x080081a7   Thumb Code     0  libshutdown2.o(.ARM.Collect$$libshutdown$$0000000F)
    __rt_lib_shutdown_return                 0x080081a7   Thumb Code     0  libshutdown2.o(.ARM.Collect$$libshutdown$$00000010)
    __rt_lib_shutdown_signal_1               0x080081a7   Thumb Code     0  libshutdown2.o(.ARM.Collect$$libshutdown$$0000000A)
    __rt_lib_shutdown_stdio_1                0x080081a7   Thumb Code     0  libshutdown2.o(.ARM.Collect$$libshutdown$$00000004)
    __rt_lib_shutdown_user_alloc_1           0x080081a7   Thumb Code     0  libshutdown2.o(.ARM.Collect$$libshutdown$$0000000C)
    __rt_entry                               0x080081a9   Thumb Code     0  __rtentry.o(.ARM.Collect$$rtentry$$00000000)
    __rt_entry_presh_1                       0x080081a9   Thumb Code     0  __rtentry2.o(.ARM.Collect$$rtentry$$00000002)
    __rt_entry_sh                            0x080081a9   Thumb Code     0  __rtentry4.o(.ARM.Collect$$rtentry$$00000004)
    __rt_entry_li                            0x080081af   Thumb Code     0  __rtentry2.o(.ARM.Collect$$rtentry$$0000000A)
    __rt_entry_postsh_1                      0x080081af   Thumb Code     0  __rtentry2.o(.ARM.Collect$$rtentry$$00000009)
    __rt_entry_main                          0x080081b3   Thumb Code     0  __rtentry2.o(.ARM.Collect$$rtentry$$0000000D)
    __rt_entry_postli_1                      0x080081b3   Thumb Code     0  __rtentry2.o(.ARM.Collect$$rtentry$$0000000C)
    __rt_exit                                0x080081bb   Thumb Code     0  rtexit.o(.ARM.Collect$$rtexit$$00000000)
    __rt_exit_ls                             0x080081bd   Thumb Code     0  rtexit2.o(.ARM.Collect$$rtexit$$00000003)
    __rt_exit_prels_1                        0x080081bd   Thumb Code     0  rtexit2.o(.ARM.Collect$$rtexit$$00000002)
    __rt_exit_exit                           0x080081c1   Thumb Code     0  rtexit2.o(.ARM.Collect$$rtexit$$00000004)
    Reset_Handler                            0x080081c9   Thumb Code     8  startup_stm32f103xb.o(.text)
    ADC1_2_IRQHandler                        0x080081e3   Thumb Code     0  startup_stm32f103xb.o(.text)
    CAN1_RX1_IRQHandler                      0x080081e3   Thumb Code     0  startup_stm32f103xb.o(.text)
    CAN1_SCE_IRQHandler                      0x080081e3   Thumb Code     0  startup_stm32f103xb.o(.text)
    DMA1_Channel1_IRQHandler                 0x080081e3   Thumb Code     0  startup_stm32f103xb.o(.text)
    DMA1_Channel2_IRQHandler                 0x080081e3   Thumb Code     0  startup_stm32f103xb.o(.text)
    DMA1_Channel3_IRQHandler                 0x080081e3   Thumb Code     0  startup_stm32f103xb.o(.text)
    DMA1_Channel4_IRQHandler                 0x080081e3   Thumb Code     0  startup_stm32f103xb.o(.text)
    DMA1_Channel5_IRQHandler                 0x080081e3   Thumb Code     0  startup_stm32f103xb.o(.text)
    DMA1_Channel6_IRQHandler                 0x080081e3   Thumb Code     0  startup_stm32f103xb.o(.text)
    DMA1_Channel7_IRQHandler                 0x080081e3   Thumb Code     0  startup_stm32f103xb.o(.text)
    EXTI0_IRQHandler                         0x080081e3   Thumb Code     0  startup_stm32f103xb.o(.text)
    EXTI15_10_IRQHandler                     0x080081e3   Thumb Code     0  startup_stm32f103xb.o(.text)
    EXTI1_IRQHandler                         0x080081e3   Thumb Code     0  startup_stm32f103xb.o(.text)
    EXTI2_IRQHandler                         0x080081e3   Thumb Code     0  startup_stm32f103xb.o(.text)
    EXTI3_IRQHandler                         0x080081e3   Thumb Code     0  startup_stm32f103xb.o(.text)
    EXTI4_IRQHandler                         0x080081e3   Thumb Code     0  startup_stm32f103xb.o(.text)
    EXTI9_5_IRQHandler                       0x080081e3   Thumb Code     0  startup_stm32f103xb.o(.text)
    FLASH_IRQHandler                         0x080081e3   Thumb Code     0  startup_stm32f103xb.o(.text)
    I2C1_ER_IRQHandler                       0x080081e3   Thumb Code     0  startup_stm32f103xb.o(.text)
    I2C1_EV_IRQHandler                       0x080081e3   Thumb Code     0  startup_stm32f103xb.o(.text)
    I2C2_ER_IRQHandler                       0x080081e3   Thumb Code     0  startup_stm32f103xb.o(.text)
    I2C2_EV_IRQHandler                       0x080081e3   Thumb Code     0  startup_stm32f103xb.o(.text)
    PVD_IRQHandler                           0x080081e3   Thumb Code     0  startup_stm32f103xb.o(.text)
    RCC_IRQHandler                           0x080081e3   Thumb Code     0  startup_stm32f103xb.o(.text)
    RTC_Alarm_IRQHandler                     0x080081e3   Thumb Code     0  startup_stm32f103xb.o(.text)
    RTC_IRQHandler                           0x080081e3   Thumb Code     0  startup_stm32f103xb.o(.text)
    SPI1_IRQHandler                          0x080081e3   Thumb Code     0  startup_stm32f103xb.o(.text)
    SPI2_IRQHandler                          0x080081e3   Thumb Code     0  startup_stm32f103xb.o(.text)
    TAMPER_IRQHandler                        0x080081e3   Thumb Code     0  startup_stm32f103xb.o(.text)
    TIM1_BRK_IRQHandler                      0x080081e3   Thumb Code     0  startup_stm32f103xb.o(.text)
    TIM1_CC_IRQHandler                       0x080081e3   Thumb Code     0  startup_stm32f103xb.o(.text)
    TIM1_TRG_COM_IRQHandler                  0x080081e3   Thumb Code     0  startup_stm32f103xb.o(.text)
    TIM1_UP_IRQHandler                       0x080081e3   Thumb Code     0  startup_stm32f103xb.o(.text)
    TIM2_IRQHandler                          0x080081e3   Thumb Code     0  startup_stm32f103xb.o(.text)
    TIM3_IRQHandler                          0x080081e3   Thumb Code     0  startup_stm32f103xb.o(.text)
    TIM4_IRQHandler                          0x080081e3   Thumb Code     0  startup_stm32f103xb.o(.text)
    USART2_IRQHandler                        0x080081e3   Thumb Code     0  startup_stm32f103xb.o(.text)
    USART3_IRQHandler                        0x080081e3   Thumb Code     0  startup_stm32f103xb.o(.text)
    USBWakeUp_IRQHandler                     0x080081e3   Thumb Code     0  startup_stm32f103xb.o(.text)
    USB_HP_CAN1_TX_IRQHandler                0x080081e3   Thumb Code     0  startup_stm32f103xb.o(.text)
    WWDG_IRQHandler                          0x080081e3   Thumb Code     0  startup_stm32f103xb.o(.text)
    __user_initial_stackheap                 0x080081e5   Thumb Code     0  startup_stm32f103xb.o(.text)
    __aeabi_memcpy4                          0x08008209   Thumb Code     0  rt_memcpy_w.o(.text)
    __aeabi_memcpy8                          0x08008209   Thumb Code     0  rt_memcpy_w.o(.text)
    __rt_memcpy_w                            0x08008209   Thumb Code   100  rt_memcpy_w.o(.text)
    _memcpy_lastbytes_aligned                0x08008251   Thumb Code     0  rt_memcpy_w.o(.text)
    __aeabi_memclr4                          0x0800826d   Thumb Code     0  rt_memclr_w.o(.text)
    __aeabi_memclr8                          0x0800826d   Thumb Code     0  rt_memclr_w.o(.text)
    __rt_memclr_w                            0x0800826d   Thumb Code    78  rt_memclr_w.o(.text)
    _memset_w                                0x08008271   Thumb Code     0  rt_memclr_w.o(.text)
    __use_two_region_memory                  0x080082bb   Thumb Code     2  heapauxi.o(.text)
    __rt_heap_escrow$2region                 0x080082bd   Thumb Code     2  heapauxi.o(.text)
    __rt_heap_expand$2region                 0x080082bf   Thumb Code     2  heapauxi.o(.text)
    __user_setup_stackheap                   0x080082c1   Thumb Code    74  sys_stackheap_outer.o(.text)
    exit                                     0x0800830b   Thumb Code    18  exit.o(.text)
    __user_libspace                          0x0800831d   Thumb Code     8  libspace.o(.text)
    __user_perproc_libspace                  0x0800831d   Thumb Code     0  libspace.o(.text)
    __user_perthread_libspace                0x0800831d   Thumb Code     0  libspace.o(.text)
    _sys_exit                                0x08008325   Thumb Code     8  sys_exit.o(.text)
    __I$use$semihosting                      0x08008331   Thumb Code     0  use_no_semi.o(.text)
    __use_no_semihosting_swi                 0x08008331   Thumb Code     2  use_no_semi.o(.text)
    BusFault_Handler                         0x08008333   Thumb Code     2  stm32f1xx_it.o(i.BusFault_Handler)
    __semihosting_library_function           0x08008333   Thumb Code     0  indicate_semi.o(.text)
    DebugMon_Handler                         0x08008341   Thumb Code     2  stm32f1xx_it.o(i.DebugMon_Handler)
    Error_Handler                            0x08008343   Thumb Code     4  main.o(i.Error_Handler)
    HAL_DMA_Abort                            0x08008347   Thumb Code    70  stm32f1xx_hal_dma.o(i.HAL_DMA_Abort)
    HAL_DMA_Abort_IT                         0x0800838d   Thumb Code   148  stm32f1xx_hal_dma.o(i.HAL_DMA_Abort_IT)
    HAL_Delay                                0x08008425   Thumb Code    32  stm32f1xx_hal.o(i.HAL_Delay)
    HAL_GPIO_Init                            0x08008449   Thumb Code   446  stm32f1xx_hal_gpio.o(i.HAL_GPIO_Init)
    HAL_GPIO_TogglePin                       0x08008629   Thumb Code    16  stm32f1xx_hal_gpio.o(i.HAL_GPIO_TogglePin)
    HAL_GPIO_WritePin                        0x08008639   Thumb Code    10  stm32f1xx_hal_gpio.o(i.HAL_GPIO_WritePin)
    HAL_GetTick                              0x08008645   Thumb Code     6  stm32f1xx_hal.o(i.HAL_GetTick)
    HAL_IncTick                              0x08008651   Thumb Code    12  stm32f1xx_hal.o(i.HAL_IncTick)
    HAL_Init                                 0x08008661   Thumb Code    32  stm32f1xx_hal.o(i.HAL_Init)
    HAL_InitTick                             0x08008685   Thumb Code    54  stm32f1xx_hal.o(i.HAL_InitTick)
    HAL_MspInit                              0x080086c5   Thumb Code    52  stm32f1xx_hal_msp.o(i.HAL_MspInit)
    HAL_NVIC_EnableIRQ                       0x08008701   Thumb Code    26  stm32f1xx_hal_cortex.o(i.HAL_NVIC_EnableIRQ)
    HAL_NVIC_SetPriority                     0x0800871d   Thumb Code    60  stm32f1xx_hal_cortex.o(i.HAL_NVIC_SetPriority)
    HAL_NVIC_SetPriorityGrouping             0x0800875d   Thumb Code    26  stm32f1xx_hal_cortex.o(i.HAL_NVIC_SetPriorityGrouping)
    HAL_PCDEx_PMAConfig                      0x08008781   Thumb Code    60  stm32f1xx_hal_pcd_ex.o(i.HAL_PCDEx_PMAConfig)
    HAL_PCDEx_SetConnectionState             0x080087bd   Thumb Code     2  usbd_conf.o(i.HAL_PCDEx_SetConnectionState)
    HAL_PCD_DataInStageCallback              0x080087bf   Thumb Code    18  usbd_conf.o(i.HAL_PCD_DataInStageCallback)
    HAL_PCD_DataOutStageCallback             0x080087d1   Thumb Code    20  usbd_conf.o(i.HAL_PCD_DataOutStageCallback)
    HAL_PCD_EP_Close                         0x080087e5   Thumb Code    76  stm32f1xx_hal_pcd.o(i.HAL_PCD_EP_Close)
    HAL_PCD_EP_ClrStall                      0x08008831   Thumb Code    92  stm32f1xx_hal_pcd.o(i.HAL_PCD_EP_ClrStall)
    HAL_PCD_EP_Open                          0x08008cab   Thumb Code    90  stm32f1xx_hal_pcd.o(i.HAL_PCD_EP_Open)
    HAL_PCD_EP_Receive                       0x08008d05   Thumb Code    46  stm32f1xx_hal_pcd.o(i.HAL_PCD_EP_Receive)
    HAL_PCD_EP_SetStall                      0x08008d33   Thumb Code   114  stm32f1xx_hal_pcd.o(i.HAL_PCD_EP_SetStall)
    HAL_PCD_EP_Transmit                      0x08008da5   Thumb Code    48  stm32f1xx_hal_pcd.o(i.HAL_PCD_EP_Transmit)
    HAL_PCD_IRQHandler                       0x08008dd5   Thumb Code   308  stm32f1xx_hal_pcd.o(i.HAL_PCD_IRQHandler)
    HAL_PCD_Init                             0x08008f09   Thumb Code   218  stm32f1xx_hal_pcd.o(i.HAL_PCD_Init)
    HAL_PCD_MspInit                          0x08008fe5   Thumb Code    50  usbd_conf.o(i.HAL_PCD_MspInit)
    HAL_PCD_ResetCallback                    0x08009021   Thumb Code    38  usbd_conf.o(i.HAL_PCD_ResetCallback)
    HAL_PCD_ResumeCallback                   0x08009047   Thumb Code     8  usbd_conf.o(i.HAL_PCD_ResumeCallback)
    HAL_PCD_SOFCallback                      0x0800904f   Thumb Code     8  usbd_conf.o(i.HAL_PCD_SOFCallback)
    HAL_PCD_SetAddress                       0x08009057   Thumb Code    40  stm32f1xx_hal_pcd.o(i.HAL_PCD_SetAddress)
    HAL_PCD_SetupStageCallback               0x0800907f   Thumb Code    14  usbd_conf.o(i.HAL_PCD_SetupStageCallback)
    HAL_PCD_Start                            0x0800908d   Thumb Code    50  stm32f1xx_hal_pcd.o(i.HAL_PCD_Start)
    HAL_PCD_SuspendCallback                  0x080090c1   Thumb Code    30  usbd_conf.o(i.HAL_PCD_SuspendCallback)
    HAL_RCCEx_PeriphCLKConfig                0x080090e5   Thumb Code   224  stm32f1xx_hal_rcc_ex.o(i.HAL_RCCEx_PeriphCLKConfig)
    HAL_RCC_ClockConfig                      0x080091d1   Thumb Code   280  stm32f1xx_hal_rcc.o(i.HAL_RCC_ClockConfig)
    HAL_RCC_GetPCLK1Freq                     0x080092fd   Thumb Code    20  stm32f1xx_hal_rcc.o(i.HAL_RCC_GetPCLK1Freq)
    HAL_RCC_GetPCLK2Freq                     0x0800931d   Thumb Code    20  stm32f1xx_hal_rcc.o(i.HAL_RCC_GetPCLK2Freq)
    HAL_RCC_GetSysClockFreq                  0x0800933d   Thumb Code    58  stm32f1xx_hal_rcc.o(i.HAL_RCC_GetSysClockFreq)
    HAL_RCC_OscConfig                        0x08009389   Thumb Code   778  stm32f1xx_hal_rcc.o(i.HAL_RCC_OscConfig)
    HAL_SYSTICK_Config                       0x080096a9   Thumb Code    40  stm32f1xx_hal_cortex.o(i.HAL_SYSTICK_Config)
    HAL_TIMEx_MasterConfigSynchronization    0x080096d1   Thumb Code    92  stm32f1xx_hal_tim_ex.o(i.HAL_TIMEx_MasterConfigSynchronization)
    HAL_TIM_Base_Init                        0x08009739   Thumb Code    90  stm32f1xx_hal_tim.o(i.HAL_TIM_Base_Init)
    HAL_TIM_Base_MspInit                     0x08009795   Thumb Code    52  tim.o(i.HAL_TIM_Base_MspInit)
    HAL_TIM_ConfigClockSource                0x080097d1   Thumb Code   220  stm32f1xx_hal_tim.o(i.HAL_TIM_ConfigClockSource)
    HAL_UARTEx_RxEventCallback               0x080098ad   Thumb Code     2  stm32f1xx_hal_uart.o(i.HAL_UARTEx_RxEventCallback)
    HAL_UART_ErrorCallback                   0x080098af   Thumb Code     2  stm32f1xx_hal_uart.o(i.HAL_UART_ErrorCallback)
    HAL_UART_IRQHandler                      0x080098b1   Thumb Code   616  stm32f1xx_hal_uart.o(i.HAL_UART_IRQHandler)
    HAL_UART_Init                            0x08009b1d   Thumb Code   100  stm32f1xx_hal_uart.o(i.HAL_UART_Init)
    HAL_UART_MspInit                         0x08009b81   Thumb Code   116  usart.o(i.HAL_UART_MspInit)
    HAL_UART_Receive_IT                      0x08009c01   Thumb Code    28  stm32f1xx_hal_uart.o(i.HAL_UART_Receive_IT)
    HAL_UART_RxCpltCallback                  0x08009c1d   Thumb Code    28  main.o(i.HAL_UART_RxCpltCallback)
    HAL_UART_Transmit                        0x08009c45   Thumb Code   154  stm32f1xx_hal_uart.o(i.HAL_UART_Transmit)
    HAL_UART_TxCpltCallback                  0x08009cdf   Thumb Code     2  stm32f1xx_hal_uart.o(i.HAL_UART_TxCpltCallback)
    HardFault_Handler                        0x08009ce1   Thumb Code     2  stm32f1xx_it.o(i.HardFault_Handler)
    MX_GPIO_Init                             0x08009d1d   Thumb Code   104  gpio.o(i.MX_GPIO_Init)
    MX_TIM1_Init                             0x08009d8d   Thumb Code    96  tim.o(i.MX_TIM1_Init)
    MX_TIM2_Init                             0x08009df5   Thumb Code    94  tim.o(i.MX_TIM2_Init)
    MX_USART1_UART_Init                      0x08009e59   Thumb Code    48  usart.o(i.MX_USART1_UART_Init)
    MX_USB_DEVICE_Init                       0x08009e91   Thumb Code    66  usb_device.o(i.MX_USB_DEVICE_Init)
    MemManage_Handler                        0x08009ee5   Thumb Code     2  stm32f1xx_it.o(i.MemManage_Handler)
    NMI_Handler                              0x08009ee7   Thumb Code     2  stm32f1xx_it.o(i.NMI_Handler)
    PendSV_Handler                           0x0800a295   Thumb Code     2  stm32f1xx_it.o(i.PendSV_Handler)
    SVC_Handler                              0x0800a297   Thumb Code     2  stm32f1xx_it.o(i.SVC_Handler)
    SysTick_Handler                          0x0800a299   Thumb Code     4  stm32f1xx_it.o(i.SysTick_Handler)
    SystemClock_Config                       0x0800a29d   Thumb Code   118  main.o(i.SystemClock_Config)
    SystemInit                               0x0800a313   Thumb Code     2  system_stm32f1xx.o(i.SystemInit)
    TIM_Base_SetConfig                       0x0800a315   Thumb Code    94  stm32f1xx_hal_tim.o(i.TIM_Base_SetConfig)
    TIM_ETR_SetConfig                        0x0800a381   Thumb Code    20  stm32f1xx_hal_tim.o(i.TIM_ETR_SetConfig)
    UART_Start_Receive_IT                    0x0800a5c5   Thumb Code    54  stm32f1xx_hal_uart.o(i.UART_Start_Receive_IT)
    USART1_IRQHandler                        0x0800a675   Thumb Code     6  stm32f1xx_it.o(i.USART1_IRQHandler)
    USBD_CUSTOM_HID_RegisterInterface        0x0800a78f   Thumb Code    16  usbd_customhid.o(i.USBD_CUSTOM_HID_RegisterInterface)
    USBD_ClrClassConfig                      0x0800a87d   Thumb Code    14  usbd_core.o(i.USBD_ClrClassConfig)
    USBD_CtlContinueRx                       0x0800a88b   Thumb Code    16  usbd_ioreq.o(i.USBD_CtlContinueRx)
    USBD_CtlContinueSendData                 0x0800a89b   Thumb Code    16  usbd_ioreq.o(i.USBD_CtlContinueSendData)
    USBD_CtlError                            0x0800a8ab   Thumb Code    22  usbd_ctlreq.o(i.USBD_CtlError)
    USBD_CtlPrepareRx                        0x0800a8c1   Thumb Code    30  usbd_ioreq.o(i.USBD_CtlPrepareRx)
    USBD_CtlReceiveStatus                    0x0800a8df   Thumb Code    22  usbd_ioreq.o(i.USBD_CtlReceiveStatus)
    USBD_CtlSendData                         0x0800a8f5   Thumb Code    26  usbd_ioreq.o(i.USBD_CtlSendData)
    USBD_CtlSendStatus                       0x0800a90f   Thumb Code    22  usbd_ioreq.o(i.USBD_CtlSendStatus)
    USBD_FS_ConfigStrDescriptor              0x0800a925   Thumb Code    16  usbd_desc.o(i.USBD_FS_ConfigStrDescriptor)
    USBD_FS_DeviceDescriptor                 0x0800a94d   Thumb Code     8  usbd_desc.o(i.USBD_FS_DeviceDescriptor)
    USBD_FS_InterfaceStrDescriptor           0x0800a959   Thumb Code    16  usbd_desc.o(i.USBD_FS_InterfaceStrDescriptor)
    USBD_FS_LangIDStrDescriptor              0x0800a985   Thumb Code     8  usbd_desc.o(i.USBD_FS_LangIDStrDescriptor)
    USBD_FS_ManufacturerStrDescriptor        0x0800a991   Thumb Code    16  usbd_desc.o(i.USBD_FS_ManufacturerStrDescriptor)
    USBD_FS_ProductStrDescriptor             0x0800a9b9   Thumb Code    16  usbd_desc.o(i.USBD_FS_ProductStrDescriptor)
    USBD_FS_SerialStrDescriptor              0x0800a9ed   Thumb Code    48  usbd_desc.o(i.USBD_FS_SerialStrDescriptor)
    USBD_GetString                           0x0800ab0d   Thumb Code    72  usbd_ctlreq.o(i.USBD_GetString)
    USBD_Init                                0x0800ab6d   Thumb Code    42  usbd_core.o(i.USBD_Init)
    USBD_LL_ClearStallEP                     0x0800ab97   Thumb Code    18  usbd_conf.o(i.USBD_LL_ClearStallEP)
    USBD_LL_CloseEP                          0x0800aba9   Thumb Code    18  usbd_conf.o(i.USBD_LL_CloseEP)
    USBD_LL_DataInStage                      0x0800abbb   Thumb Code   198  usbd_core.o(i.USBD_LL_DataInStage)
    USBD_LL_DataOutStage                     0x0800ac81   Thumb Code   130  usbd_core.o(i.USBD_LL_DataOutStage)
    USBD_LL_Init                             0x0800ad05   Thumb Code   104  usbd_conf.o(i.USBD_LL_Init)
    USBD_LL_IsStallEP                        0x0800ad75   Thumb Code    32  usbd_conf.o(i.USBD_LL_IsStallEP)
    USBD_LL_OpenEP                           0x0800ad95   Thumb Code    24  usbd_conf.o(i.USBD_LL_OpenEP)
    USBD_LL_PrepareReceive                   0x0800adad   Thumb Code    18  usbd_conf.o(i.USBD_LL_PrepareReceive)
    USBD_LL_Reset                            0x0800adbf   Thumb Code    80  usbd_core.o(i.USBD_LL_Reset)
    USBD_LL_Resume                           0x0800ae0f   Thumb Code    20  usbd_core.o(i.USBD_LL_Resume)
    USBD_LL_SOF                              0x0800ae23   Thumb Code    24  usbd_core.o(i.USBD_LL_SOF)
    USBD_LL_SetSpeed                         0x0800ae3b   Thumb Code     6  usbd_core.o(i.USBD_LL_SetSpeed)
    USBD_LL_SetUSBAddress                    0x0800ae41   Thumb Code    18  usbd_conf.o(i.USBD_LL_SetUSBAddress)
    USBD_LL_SetupStage                       0x0800ae53   Thumb Code    90  usbd_core.o(i.USBD_LL_SetupStage)
    USBD_LL_StallEP                          0x0800aead   Thumb Code    18  usbd_conf.o(i.USBD_LL_StallEP)
    USBD_LL_Start                            0x0800aebf   Thumb Code    18  usbd_conf.o(i.USBD_LL_Start)
    USBD_LL_Suspend                          0x0800aed1   Thumb Code    18  usbd_core.o(i.USBD_LL_Suspend)
    USBD_LL_Transmit                         0x0800aee3   Thumb Code    18  usbd_conf.o(i.USBD_LL_Transmit)
    USBD_ParseSetupRequest                   0x0800aef5   Thumb Code    40  usbd_ctlreq.o(i.USBD_ParseSetupRequest)
    USBD_RegisterClass                       0x0800af1d   Thumb Code    16  usbd_core.o(i.USBD_RegisterClass)
    USBD_SetClassConfig                      0x0800af2d   Thumb Code    22  usbd_core.o(i.USBD_SetClassConfig)
    USBD_Start                               0x0800afc9   Thumb Code    10  usbd_core.o(i.USBD_Start)
    USBD_StdDevReq                           0x0800afd3   Thumb Code   274  usbd_ctlreq.o(i.USBD_StdDevReq)
    USBD_StdEPReq                            0x0800b0e5   Thumb Code   336  usbd_ctlreq.o(i.USBD_StdEPReq)
    USBD_StdItfReq                           0x0800b235   Thumb Code    78  usbd_ctlreq.o(i.USBD_StdItfReq)
    USBD_static_free                         0x0800b283   Thumb Code     2  usbd_conf.o(i.USBD_static_free)
    USBD_static_malloc                       0x0800b285   Thumb Code     4  usbd_conf.o(i.USBD_static_malloc)
    USB_ActivateEndpoint                     0x0800b28d   Thumb Code   668  stm32f1xx_ll_usb.o(i.USB_ActivateEndpoint)
    USB_CoreInit                             0x0800b529   Thumb Code     4  stm32f1xx_ll_usb.o(i.USB_CoreInit)
    USB_DeactivateEndpoint                   0x0800b52d   Thumb Code   270  stm32f1xx_ll_usb.o(i.USB_DeactivateEndpoint)
    USB_DevConnect                           0x0800b63b   Thumb Code     4  stm32f1xx_ll_usb.o(i.USB_DevConnect)
    USB_DevDisconnect                        0x0800b63f   Thumb Code     4  stm32f1xx_ll_usb.o(i.USB_DevDisconnect)
    USB_DevInit                              0x0800b643   Thumb Code    18  stm32f1xx_ll_usb.o(i.USB_DevInit)
    USB_DisableGlobalInt                     0x0800b655   Thumb Code    14  stm32f1xx_ll_usb.o(i.USB_DisableGlobalInt)
    USB_EP0_OutStart                         0x0800b663   Thumb Code     4  stm32f1xx_ll_usb.o(i.USB_EP0_OutStart)
    USB_EPClearStall                         0x0800b667   Thumb Code   120  stm32f1xx_ll_usb.o(i.USB_EPClearStall)
    USB_EPSetStall                           0x0800b6df   Thumb Code    50  stm32f1xx_ll_usb.o(i.USB_EPSetStall)
    USB_EPStartXfer                          0x0800b711   Thumb Code  1250  stm32f1xx_ll_usb.o(i.USB_EPStartXfer)
    USB_EnableGlobalInt                      0x0800bbf3   Thumb Code    18  stm32f1xx_ll_usb.o(i.USB_EnableGlobalInt)
    USB_LP_CAN1_RX0_IRQHandler               0x0800bc05   Thumb Code     6  stm32f1xx_it.o(i.USB_LP_CAN1_RX0_IRQHandler)
    USB_ReadInterrupts                       0x0800bc11   Thumb Code     6  stm32f1xx_ll_usb.o(i.USB_ReadInterrupts)
    USB_ReadPMA                              0x0800bc19   Thumb Code    44  stm32f1xx_ll_usb.o(i.USB_ReadPMA)
    USB_SetCurrentMode                       0x0800bc45   Thumb Code     4  stm32f1xx_ll_usb.o(i.USB_SetCurrentMode)
    USB_SetDevAddress                        0x0800bc49   Thumb Code    12  stm32f1xx_ll_usb.o(i.USB_SetDevAddress)
    USB_WritePMA                             0x0800bc55   Thumb Code    38  stm32f1xx_ll_usb.o(i.USB_WritePMA)
    UsageFault_Handler                       0x0800bc7b   Thumb Code     2  stm32f1xx_it.o(i.UsageFault_Handler)
    main                                     0x0800bc9d   Thumb Code   106  main.o(i.main)
    AHBPrescTable                            0x0800bd5a   Data          16  system_stm32f1xx.o(.constdata)
    APBPrescTable                            0x0800bd6a   Data           8  system_stm32f1xx.o(.constdata)
    Region$$Table$$Base                      0x0800bd74   Number         0  anon$$obj.o(Region$$Table)
    Region$$Table$$Limit                     0x0800bd94   Number         0  anon$$obj.o(Region$$Table)
    DATA                                     0x20002800   Data           1  main.o(.data)
    FS_Desc                                  0x20002804   Data          28  usbd_desc.o(.data)
    USBD_LangIDDesc                          0x20002820   Data           4  usbd_desc.o(.data)
    USBD_FS_DeviceDesc                       0x20002824   Data          18  usbd_desc.o(.data)
    USBD_StringSerial                        0x20002838   Data          26  usbd_desc.o(.data)
    USBD_CustomHID_fops_FS                   0x20002858   Data          16  usbd_custom_hid_if.o(.data)
    uwTickFreq                               0x20002868   Data           1  stm32f1xx_hal.o(.data)
    uwTickPrio                               0x2000286c   Data           4  stm32f1xx_hal.o(.data)
    uwTick                                   0x20002870   Data           4  stm32f1xx_hal.o(.data)
    SystemCoreClock                          0x20002874   Data           4  system_stm32f1xx.o(.data)
    USBD_CUSTOM_HID                          0x2000287c   Data          56  usbd_customhid.o(.data)
    htim1                                    0x20002950   Data          72  tim.o(.bss)
    htim2                                    0x20002998   Data          72  tim.o(.bss)
    huart1                                   0x200029e0   Data          72  usart.o(.bss)
    hUsbDeviceFS                             0x20002a28   Data         708  usb_device.o(.bss)
    USBD_StrDesc                             0x20002cec   Data         512  usbd_desc.o(.bss)
    hpcd_USB_FS                              0x20002f08   Data         752  usbd_conf.o(.bss)
    __libspace_start                         0x200031f8   Data          96  libspace.o(.bss)
    __temporary_stack_top$libspace           0x20003258   Data           0  libspace.o(.bss)



==============================================================================

Memory Map of the image

  Image Entry point : 0x080080ed

  Load Region LR_IROM1 (Base: 0x08008000, Size: 0x00003ee4, Max: 0x00008000, ABSOLUTE, COMPRESSED[0x00003e34])

    Execution Region ER_IROM1 (Exec base: 0x08008000, Load base: 0x08008000, Size: 0x00003d94, Max: 0x00008000, ABSOLUTE)

    Exec Addr    Load Addr    Size         Type   Attr      Idx    E Section Name        Object

    0x08008000   0x08008000   0x000000ec   Data   RO            3    RESET               startup_stm32f103xb.o
    0x080080ec   0x080080ec   0x00000008   Code   RO         4007  * !!!main             c_w.l(__main.o)
    0x080080f4   0x080080f4   0x00000034   Code   RO         4166    !!!scatter          c_w.l(__scatter.o)
    0x08008128   0x08008128   0x0000005a   Code   RO         4164    !!dczerorl2         c_w.l(__dczerorl2.o)
    0x08008182   0x08008182   0x00000002   PAD
    0x08008184   0x08008184   0x0000001c   Code   RO         4168    !!handler_zi        c_w.l(__scatter_zi.o)
    0x080081a0   0x080081a0   0x00000002   Code   RO         4034    .ARM.Collect$$libinit$$00000000  c_w.l(libinit.o)
    0x080081a2   0x080081a2   0x00000000   Code   RO         4041    .ARM.Collect$$libinit$$00000002  c_w.l(libinit2.o)
    0x080081a2   0x080081a2   0x00000000   Code   RO         4043    .ARM.Collect$$libinit$$00000004  c_w.l(libinit2.o)
    0x080081a2   0x080081a2   0x00000000   Code   RO         4046    .ARM.Collect$$libinit$$0000000A  c_w.l(libinit2.o)
    0x080081a2   0x080081a2   0x00000000   Code   RO         4048    .ARM.Collect$$libinit$$0000000C  c_w.l(libinit2.o)
    0x080081a2   0x080081a2   0x00000000   Code   RO         4050    .ARM.Collect$$libinit$$0000000E  c_w.l(libinit2.o)
    0x080081a2   0x080081a2   0x00000000   Code   RO         4053    .ARM.Collect$$libinit$$00000011  c_w.l(libinit2.o)
    0x080081a2   0x080081a2   0x00000000   Code   RO         4055    .ARM.Collect$$libinit$$00000013  c_w.l(libinit2.o)
    0x080081a2   0x080081a2   0x00000000   Code   RO         4057    .ARM.Collect$$libinit$$00000015  c_w.l(libinit2.o)
    0x080081a2   0x080081a2   0x00000000   Code   RO         4059    .ARM.Collect$$libinit$$00000017  c_w.l(libinit2.o)
    0x080081a2   0x080081a2   0x00000000   Code   RO         4061    .ARM.Collect$$libinit$$00000019  c_w.l(libinit2.o)
    0x080081a2   0x080081a2   0x00000000   Code   RO         4063    .ARM.Collect$$libinit$$0000001B  c_w.l(libinit2.o)
    0x080081a2   0x080081a2   0x00000000   Code   RO         4065    .ARM.Collect$$libinit$$0000001D  c_w.l(libinit2.o)
    0x080081a2   0x080081a2   0x00000000   Code   RO         4067    .ARM.Collect$$libinit$$0000001F  c_w.l(libinit2.o)
    0x080081a2   0x080081a2   0x00000000   Code   RO         4069    .ARM.Collect$$libinit$$00000021  c_w.l(libinit2.o)
    0x080081a2   0x080081a2   0x00000000   Code   RO         4071    .ARM.Collect$$libinit$$00000023  c_w.l(libinit2.o)
    0x080081a2   0x080081a2   0x00000000   Code   RO         4073    .ARM.Collect$$libinit$$00000025  c_w.l(libinit2.o)
    0x080081a2   0x080081a2   0x00000000   Code   RO         4077    .ARM.Collect$$libinit$$0000002C  c_w.l(libinit2.o)
    0x080081a2   0x080081a2   0x00000000   Code   RO         4079    .ARM.Collect$$libinit$$0000002E  c_w.l(libinit2.o)
    0x080081a2   0x080081a2   0x00000000   Code   RO         4081    .ARM.Collect$$libinit$$00000030  c_w.l(libinit2.o)
    0x080081a2   0x080081a2   0x00000000   Code   RO         4083    .ARM.Collect$$libinit$$00000032  c_w.l(libinit2.o)
    0x080081a2   0x080081a2   0x00000002   Code   RO         4084    .ARM.Collect$$libinit$$00000033  c_w.l(libinit2.o)
    0x080081a4   0x080081a4   0x00000002   Code   RO         4104    .ARM.Collect$$libshutdown$$00000000  c_w.l(libshutdown.o)
    0x080081a6   0x080081a6   0x00000000   Code   RO         4117    .ARM.Collect$$libshutdown$$00000002  c_w.l(libshutdown2.o)
    0x080081a6   0x080081a6   0x00000000   Code   RO         4119    .ARM.Collect$$libshutdown$$00000004  c_w.l(libshutdown2.o)
    0x080081a6   0x080081a6   0x00000000   Code   RO         4122    .ARM.Collect$$libshutdown$$00000007  c_w.l(libshutdown2.o)
    0x080081a6   0x080081a6   0x00000000   Code   RO         4125    .ARM.Collect$$libshutdown$$0000000A  c_w.l(libshutdown2.o)
    0x080081a6   0x080081a6   0x00000000   Code   RO         4127    .ARM.Collect$$libshutdown$$0000000C  c_w.l(libshutdown2.o)
    0x080081a6   0x080081a6   0x00000000   Code   RO         4130    .ARM.Collect$$libshutdown$$0000000F  c_w.l(libshutdown2.o)
    0x080081a6   0x080081a6   0x00000002   Code   RO         4131    .ARM.Collect$$libshutdown$$00000010  c_w.l(libshutdown2.o)
    0x080081a8   0x080081a8   0x00000000   Code   RO         4009    .ARM.Collect$$rtentry$$00000000  c_w.l(__rtentry.o)
    0x080081a8   0x080081a8   0x00000000   Code   RO         4011    .ARM.Collect$$rtentry$$00000002  c_w.l(__rtentry2.o)
    0x080081a8   0x080081a8   0x00000006   Code   RO         4023    .ARM.Collect$$rtentry$$00000004  c_w.l(__rtentry4.o)
    0x080081ae   0x080081ae   0x00000000   Code   RO         4013    .ARM.Collect$$rtentry$$00000009  c_w.l(__rtentry2.o)
    0x080081ae   0x080081ae   0x00000004   Code   RO         4014    .ARM.Collect$$rtentry$$0000000A  c_w.l(__rtentry2.o)
    0x080081b2   0x080081b2   0x00000000   Code   RO         4016    .ARM.Collect$$rtentry$$0000000C  c_w.l(__rtentry2.o)
    0x080081b2   0x080081b2   0x00000008   Code   RO         4017    .ARM.Collect$$rtentry$$0000000D  c_w.l(__rtentry2.o)
    0x080081ba   0x080081ba   0x00000002   Code   RO         4038    .ARM.Collect$$rtexit$$00000000  c_w.l(rtexit.o)
    0x080081bc   0x080081bc   0x00000000   Code   RO         4086    .ARM.Collect$$rtexit$$00000002  c_w.l(rtexit2.o)
    0x080081bc   0x080081bc   0x00000004   Code   RO         4087    .ARM.Collect$$rtexit$$00000003  c_w.l(rtexit2.o)
    0x080081c0   0x080081c0   0x00000006   Code   RO         4088    .ARM.Collect$$rtexit$$00000004  c_w.l(rtexit2.o)
    0x080081c6   0x080081c6   0x00000002   PAD
    0x080081c8   0x080081c8   0x00000040   Code   RO            4    .text               startup_stm32f103xb.o
    0x08008208   0x08008208   0x00000064   Code   RO         4001    .text               c_w.l(rt_memcpy_w.o)
    0x0800826c   0x0800826c   0x0000004e   Code   RO         4003    .text               c_w.l(rt_memclr_w.o)
    0x080082ba   0x080082ba   0x00000006   Code   RO         4005    .text               c_w.l(heapauxi.o)
    0x080082c0   0x080082c0   0x0000004a   Code   RO         4025    .text               c_w.l(sys_stackheap_outer.o)
    0x0800830a   0x0800830a   0x00000012   Code   RO         4027    .text               c_w.l(exit.o)
    0x0800831c   0x0800831c   0x00000008   Code   RO         4035    .text               c_w.l(libspace.o)
    0x08008324   0x08008324   0x0000000c   Code   RO         4096    .text               c_w.l(sys_exit.o)
    0x08008330   0x08008330   0x00000002   Code   RO         4107    .text               c_w.l(use_no_semi.o)
    0x08008332   0x08008332   0x00000000   Code   RO         4109    .text               c_w.l(indicate_semi.o)
    0x08008332   0x08008332   0x00000002   Code   RO          299    i.BusFault_Handler  stm32f1xx_it.o
    0x08008334   0x08008334   0x00000004   Code   RO          545    i.CUSTOM_HID_DeInit_FS  usbd_custom_hid_if.o
    0x08008338   0x08008338   0x00000004   Code   RO          546    i.CUSTOM_HID_Init_FS  usbd_custom_hid_if.o
    0x0800833c   0x0800833c   0x00000004   Code   RO          547    i.CUSTOM_HID_OutEvent_FS  usbd_custom_hid_if.o
    0x08008340   0x08008340   0x00000002   Code   RO          300    i.DebugMon_Handler  stm32f1xx_it.o
    0x08008342   0x08008342   0x00000004   Code   RO           13    i.Error_Handler     main.o
    0x08008346   0x08008346   0x00000046   Code   RO         1680    i.HAL_DMA_Abort     stm32f1xx_hal_dma.o
    0x0800838c   0x0800838c   0x00000098   Code   RO         1681    i.HAL_DMA_Abort_IT  stm32f1xx_hal_dma.o
    0x08008424   0x08008424   0x00000024   Code   RO         1306    i.HAL_Delay         stm32f1xx_hal.o
    0x08008448   0x08008448   0x000001e0   Code   RO         1616    i.HAL_GPIO_Init     stm32f1xx_hal_gpio.o
    0x08008628   0x08008628   0x00000010   Code   RO         1619    i.HAL_GPIO_TogglePin  stm32f1xx_hal_gpio.o
    0x08008638   0x08008638   0x0000000a   Code   RO         1620    i.HAL_GPIO_WritePin  stm32f1xx_hal_gpio.o
    0x08008642   0x08008642   0x00000002   PAD
    0x08008644   0x08008644   0x0000000c   Code   RO         1310    i.HAL_GetTick       stm32f1xx_hal.o
    0x08008650   0x08008650   0x00000010   Code   RO         1316    i.HAL_IncTick       stm32f1xx_hal.o
    0x08008660   0x08008660   0x00000024   Code   RO         1317    i.HAL_Init          stm32f1xx_hal.o
    0x08008684   0x08008684   0x00000040   Code   RO         1318    i.HAL_InitTick      stm32f1xx_hal.o
    0x080086c4   0x080086c4   0x0000003c   Code   RO          387    i.HAL_MspInit       stm32f1xx_hal_msp.o
    0x08008700   0x08008700   0x0000001a   Code   RO         1776    i.HAL_NVIC_EnableIRQ  stm32f1xx_hal_cortex.o
    0x0800871a   0x0800871a   0x00000002   PAD
    0x0800871c   0x0800871c   0x00000040   Code   RO         1782    i.HAL_NVIC_SetPriority  stm32f1xx_hal_cortex.o
    0x0800875c   0x0800875c   0x00000024   Code   RO         1783    i.HAL_NVIC_SetPriorityGrouping  stm32f1xx_hal_cortex.o
    0x08008780   0x08008780   0x0000003c   Code   RO         1073    i.HAL_PCDEx_PMAConfig  stm32f1xx_hal_pcd_ex.o
    0x080087bc   0x080087bc   0x00000002   Code   RO          586    i.HAL_PCDEx_SetConnectionState  usbd_conf.o
    0x080087be   0x080087be   0x00000012   Code   RO          588    i.HAL_PCD_DataInStageCallback  usbd_conf.o
    0x080087d0   0x080087d0   0x00000014   Code   RO          589    i.HAL_PCD_DataOutStageCallback  usbd_conf.o
    0x080087e4   0x080087e4   0x0000004c   Code   RO          844    i.HAL_PCD_EP_Close  stm32f1xx_hal_pcd.o
    0x08008830   0x08008830   0x0000005c   Code   RO          845    i.HAL_PCD_EP_ClrStall  stm32f1xx_hal_pcd.o
    0x0800888c   0x0800888c   0x000000e6   Code   RO          846    i.HAL_PCD_EP_DB_Receive  stm32f1xx_hal_pcd.o
    0x08008972   0x08008972   0x00000338   Code   RO          847    i.HAL_PCD_EP_DB_Transmit  stm32f1xx_hal_pcd.o
    0x08008caa   0x08008caa   0x0000005a   Code   RO          850    i.HAL_PCD_EP_Open   stm32f1xx_hal_pcd.o
    0x08008d04   0x08008d04   0x0000002e   Code   RO          851    i.HAL_PCD_EP_Receive  stm32f1xx_hal_pcd.o
    0x08008d32   0x08008d32   0x00000072   Code   RO          852    i.HAL_PCD_EP_SetStall  stm32f1xx_hal_pcd.o
    0x08008da4   0x08008da4   0x00000030   Code   RO          853    i.HAL_PCD_EP_Transmit  stm32f1xx_hal_pcd.o
    0x08008dd4   0x08008dd4   0x00000134   Code   RO          855    i.HAL_PCD_IRQHandler  stm32f1xx_hal_pcd.o
    0x08008f08   0x08008f08   0x000000da   Code   RO          858    i.HAL_PCD_Init      stm32f1xx_hal_pcd.o
    0x08008fe2   0x08008fe2   0x00000002   PAD
    0x08008fe4   0x08008fe4   0x0000003c   Code   RO          594    i.HAL_PCD_MspInit   usbd_conf.o
    0x08009020   0x08009020   0x00000026   Code   RO          595    i.HAL_PCD_ResetCallback  usbd_conf.o
    0x08009046   0x08009046   0x00000008   Code   RO          596    i.HAL_PCD_ResumeCallback  usbd_conf.o
    0x0800904e   0x0800904e   0x00000008   Code   RO          597    i.HAL_PCD_SOFCallback  usbd_conf.o
    0x08009056   0x08009056   0x00000028   Code   RO          864    i.HAL_PCD_SetAddress  stm32f1xx_hal_pcd.o
    0x0800907e   0x0800907e   0x0000000e   Code   RO          598    i.HAL_PCD_SetupStageCallback  usbd_conf.o
    0x0800908c   0x0800908c   0x00000032   Code   RO          866    i.HAL_PCD_Start     stm32f1xx_hal_pcd.o
    0x080090be   0x080090be   0x00000002   PAD
    0x080090c0   0x080090c0   0x00000024   Code   RO          599    i.HAL_PCD_SuspendCallback  usbd_conf.o
    0x080090e4   0x080090e4   0x000000ec   Code   RO         1578    i.HAL_RCCEx_PeriphCLKConfig  stm32f1xx_hal_rcc_ex.o
    0x080091d0   0x080091d0   0x0000012c   Code   RO         1474    i.HAL_RCC_ClockConfig  stm32f1xx_hal_rcc.o
    0x080092fc   0x080092fc   0x00000020   Code   RO         1481    i.HAL_RCC_GetPCLK1Freq  stm32f1xx_hal_rcc.o
    0x0800931c   0x0800931c   0x00000020   Code   RO         1482    i.HAL_RCC_GetPCLK2Freq  stm32f1xx_hal_rcc.o
    0x0800933c   0x0800933c   0x0000004c   Code   RO         1483    i.HAL_RCC_GetSysClockFreq  stm32f1xx_hal_rcc.o
    0x08009388   0x08009388   0x00000320   Code   RO         1486    i.HAL_RCC_OscConfig  stm32f1xx_hal_rcc.o
    0x080096a8   0x080096a8   0x00000028   Code   RO         1787    i.HAL_SYSTICK_Config  stm32f1xx_hal_cortex.o
    0x080096d0   0x080096d0   0x00000068   Code   RO         3001    i.HAL_TIMEx_MasterConfigSynchronization  stm32f1xx_hal_tim_ex.o
    0x08009738   0x08009738   0x0000005a   Code   RO         2278    i.HAL_TIM_Base_Init  stm32f1xx_hal_tim.o
    0x08009792   0x08009792   0x00000002   PAD
    0x08009794   0x08009794   0x0000003c   Code   RO          210    i.HAL_TIM_Base_MspInit  tim.o
    0x080097d0   0x080097d0   0x000000dc   Code   RO         2287    i.HAL_TIM_ConfigClockSource  stm32f1xx_hal_tim.o
    0x080098ac   0x080098ac   0x00000002   Code   RO         3261    i.HAL_UARTEx_RxEventCallback  stm32f1xx_hal_uart.o
    0x080098ae   0x080098ae   0x00000002   Code   RO         3275    i.HAL_UART_ErrorCallback  stm32f1xx_hal_uart.o
    0x080098b0   0x080098b0   0x0000026c   Code   RO         3278    i.HAL_UART_IRQHandler  stm32f1xx_hal_uart.o
    0x08009b1c   0x08009b1c   0x00000064   Code   RO         3279    i.HAL_UART_Init     stm32f1xx_hal_uart.o
    0x08009b80   0x08009b80   0x00000080   Code   RO          258    i.HAL_UART_MspInit  usart.o
    0x08009c00   0x08009c00   0x0000001c   Code   RO         3284    i.HAL_UART_Receive_IT  stm32f1xx_hal_uart.o
    0x08009c1c   0x08009c1c   0x00000028   Code   RO           14    i.HAL_UART_RxCpltCallback  main.o
    0x08009c44   0x08009c44   0x0000009a   Code   RO         3287    i.HAL_UART_Transmit  stm32f1xx_hal_uart.o
    0x08009cde   0x08009cde   0x00000002   Code   RO         3290    i.HAL_UART_TxCpltCallback  stm32f1xx_hal_uart.o
    0x08009ce0   0x08009ce0   0x00000002   Code   RO          301    i.HardFault_Handler  stm32f1xx_it.o
    0x08009ce2   0x08009ce2   0x00000002   PAD
    0x08009ce4   0x08009ce4   0x00000038   Code   RO          459    i.IntToUnicode      usbd_desc.o
    0x08009d1c   0x08009d1c   0x00000070   Code   RO          185    i.MX_GPIO_Init      gpio.o
    0x08009d8c   0x08009d8c   0x00000068   Code   RO          211    i.MX_TIM1_Init      tim.o
    0x08009df4   0x08009df4   0x00000064   Code   RO          212    i.MX_TIM2_Init      tim.o
    0x08009e58   0x08009e58   0x00000038   Code   RO          259    i.MX_USART1_UART_Init  usart.o
    0x08009e90   0x08009e90   0x00000054   Code   RO          411    i.MX_USB_DEVICE_Init  usb_device.o
    0x08009ee4   0x08009ee4   0x00000002   Code   RO          302    i.MemManage_Handler  stm32f1xx_it.o
    0x08009ee6   0x08009ee6   0x00000002   Code   RO          303    i.NMI_Handler       stm32f1xx_it.o
    0x08009ee8   0x08009ee8   0x000003ac   Code   RO          870    i.PCD_EP_ISR_Handler  stm32f1xx_hal_pcd.o
    0x0800a294   0x0800a294   0x00000002   Code   RO          304    i.PendSV_Handler    stm32f1xx_it.o
    0x0800a296   0x0800a296   0x00000002   Code   RO          305    i.SVC_Handler       stm32f1xx_it.o
    0x0800a298   0x0800a298   0x00000004   Code   RO          306    i.SysTick_Handler   stm32f1xx_it.o
    0x0800a29c   0x0800a29c   0x00000076   Code   RO           15    i.SystemClock_Config  main.o
    0x0800a312   0x0800a312   0x00000002   Code   RO         3613    i.SystemInit        system_stm32f1xx.o
    0x0800a314   0x0800a314   0x0000006c   Code   RO         2371    i.TIM_Base_SetConfig  stm32f1xx_hal_tim.o
    0x0800a380   0x0800a380   0x00000014   Code   RO         2382    i.TIM_ETR_SetConfig  stm32f1xx_hal_tim.o
    0x0800a394   0x0800a394   0x00000010   Code   RO         2383    i.TIM_ITRx_SetConfig  stm32f1xx_hal_tim.o
    0x0800a3a4   0x0800a3a4   0x00000022   Code   RO         2389    i.TIM_TI1_ConfigInputStage  stm32f1xx_hal_tim.o
    0x0800a3c6   0x0800a3c6   0x00000024   Code   RO         2391    i.TIM_TI2_ConfigInputStage  stm32f1xx_hal_tim.o
    0x0800a3ea   0x0800a3ea   0x00000010   Code   RO         3292    i.UART_DMAAbortOnError  stm32f1xx_hal_uart.o
    0x0800a3fa   0x0800a3fa   0x0000004e   Code   RO         3302    i.UART_EndRxTransfer  stm32f1xx_hal_uart.o
    0x0800a448   0x0800a448   0x000000c2   Code   RO         3304    i.UART_Receive_IT   stm32f1xx_hal_uart.o
    0x0800a50a   0x0800a50a   0x00000002   PAD
    0x0800a50c   0x0800a50c   0x000000b8   Code   RO         3305    i.UART_SetConfig    stm32f1xx_hal_uart.o
    0x0800a5c4   0x0800a5c4   0x00000036   Code   RO         3307    i.UART_Start_Receive_IT  stm32f1xx_hal_uart.o
    0x0800a5fa   0x0800a5fa   0x00000078   Code   RO         3308    i.UART_WaitOnFlagUntilTimeout  stm32f1xx_hal_uart.o
    0x0800a672   0x0800a672   0x00000002   PAD
    0x0800a674   0x0800a674   0x0000000c   Code   RO          307    i.USART1_IRQHandler  stm32f1xx_it.o
    0x0800a680   0x0800a680   0x0000000c   Code   RO         3913    i.USBD_CUSTOM_HID_DataIn  usbd_customhid.o
    0x0800a68c   0x0800a68c   0x00000024   Code   RO         3914    i.USBD_CUSTOM_HID_DataOut  usbd_customhid.o
    0x0800a6b0   0x0800a6b0   0x00000038   Code   RO         3915    i.USBD_CUSTOM_HID_DeInit  usbd_customhid.o
    0x0800a6e8   0x0800a6e8   0x00000022   Code   RO         3916    i.USBD_CUSTOM_HID_EP0_RxReady  usbd_customhid.o
    0x0800a70a   0x0800a70a   0x00000002   PAD
    0x0800a70c   0x0800a70c   0x0000000c   Code   RO         3917    i.USBD_CUSTOM_HID_GetDeviceQualifierDesc  usbd_customhid.o
    0x0800a718   0x0800a718   0x0000000c   Code   RO         3918    i.USBD_CUSTOM_HID_GetFSCfgDesc  usbd_customhid.o
    0x0800a724   0x0800a724   0x0000000c   Code   RO         3919    i.USBD_CUSTOM_HID_GetHSCfgDesc  usbd_customhid.o
    0x0800a730   0x0800a730   0x0000000c   Code   RO         3920    i.USBD_CUSTOM_HID_GetOtherSpeedCfgDesc  usbd_customhid.o
    0x0800a73c   0x0800a73c   0x00000052   Code   RO         3921    i.USBD_CUSTOM_HID_Init  usbd_customhid.o
    0x0800a78e   0x0800a78e   0x00000010   Code   RO         3922    i.USBD_CUSTOM_HID_RegisterInterface  usbd_customhid.o
    0x0800a79e   0x0800a79e   0x00000002   PAD
    0x0800a7a0   0x0800a7a0   0x000000dc   Code   RO         3924    i.USBD_CUSTOM_HID_Setup  usbd_customhid.o
    0x0800a87c   0x0800a87c   0x0000000e   Code   RO         3650    i.USBD_ClrClassConfig  usbd_core.o
    0x0800a88a   0x0800a88a   0x00000010   Code   RO         3853    i.USBD_CtlContinueRx  usbd_ioreq.o
    0x0800a89a   0x0800a89a   0x00000010   Code   RO         3854    i.USBD_CtlContinueSendData  usbd_ioreq.o
    0x0800a8aa   0x0800a8aa   0x00000016   Code   RO         3788    i.USBD_CtlError     usbd_ctlreq.o
    0x0800a8c0   0x0800a8c0   0x0000001e   Code   RO         3855    i.USBD_CtlPrepareRx  usbd_ioreq.o
    0x0800a8de   0x0800a8de   0x00000016   Code   RO         3856    i.USBD_CtlReceiveStatus  usbd_ioreq.o
    0x0800a8f4   0x0800a8f4   0x0000001a   Code   RO         3857    i.USBD_CtlSendData  usbd_ioreq.o
    0x0800a90e   0x0800a90e   0x00000016   Code   RO         3858    i.USBD_CtlSendStatus  usbd_ioreq.o
    0x0800a924   0x0800a924   0x00000028   Code   RO          460    i.USBD_FS_ConfigStrDescriptor  usbd_desc.o
    0x0800a94c   0x0800a94c   0x0000000c   Code   RO          461    i.USBD_FS_DeviceDescriptor  usbd_desc.o
    0x0800a958   0x0800a958   0x0000002c   Code   RO          462    i.USBD_FS_InterfaceStrDescriptor  usbd_desc.o
    0x0800a984   0x0800a984   0x0000000c   Code   RO          463    i.USBD_FS_LangIDStrDescriptor  usbd_desc.o
    0x0800a990   0x0800a990   0x00000028   Code   RO          464    i.USBD_FS_ManufacturerStrDescriptor  usbd_desc.o
    0x0800a9b8   0x0800a9b8   0x00000034   Code   RO          465    i.USBD_FS_ProductStrDescriptor  usbd_desc.o
    0x0800a9ec   0x0800a9ec   0x00000038   Code   RO          466    i.USBD_FS_SerialStrDescriptor  usbd_desc.o
    0x0800aa24   0x0800aa24   0x000000e8   Code   RO         3789    i.USBD_GetDescriptor  usbd_ctlreq.o
    0x0800ab0c   0x0800ab0c   0x00000048   Code   RO         3790    i.USBD_GetString    usbd_ctlreq.o
    0x0800ab54   0x0800ab54   0x00000018   Code   RO          600    i.USBD_Get_USB_Status  usbd_conf.o
    0x0800ab6c   0x0800ab6c   0x0000002a   Code   RO         3652    i.USBD_Init         usbd_core.o
    0x0800ab96   0x0800ab96   0x00000012   Code   RO          601    i.USBD_LL_ClearStallEP  usbd_conf.o
    0x0800aba8   0x0800aba8   0x00000012   Code   RO          602    i.USBD_LL_CloseEP   usbd_conf.o
    0x0800abba   0x0800abba   0x000000c6   Code   RO         3653    i.USBD_LL_DataInStage  usbd_core.o
    0x0800ac80   0x0800ac80   0x00000082   Code   RO         3654    i.USBD_LL_DataOutStage  usbd_core.o
    0x0800ad02   0x0800ad02   0x00000002   PAD
    0x0800ad04   0x0800ad04   0x00000070   Code   RO          607    i.USBD_LL_Init      usbd_conf.o
    0x0800ad74   0x0800ad74   0x00000020   Code   RO          608    i.USBD_LL_IsStallEP  usbd_conf.o
    0x0800ad94   0x0800ad94   0x00000018   Code   RO          609    i.USBD_LL_OpenEP    usbd_conf.o
    0x0800adac   0x0800adac   0x00000012   Code   RO          610    i.USBD_LL_PrepareReceive  usbd_conf.o
    0x0800adbe   0x0800adbe   0x00000050   Code   RO         3659    i.USBD_LL_Reset     usbd_core.o
    0x0800ae0e   0x0800ae0e   0x00000014   Code   RO         3660    i.USBD_LL_Resume    usbd_core.o
    0x0800ae22   0x0800ae22   0x00000018   Code   RO         3661    i.USBD_LL_SOF       usbd_core.o
    0x0800ae3a   0x0800ae3a   0x00000006   Code   RO         3662    i.USBD_LL_SetSpeed  usbd_core.o
    0x0800ae40   0x0800ae40   0x00000012   Code   RO          611    i.USBD_LL_SetUSBAddress  usbd_conf.o
    0x0800ae52   0x0800ae52   0x0000005a   Code   RO         3663    i.USBD_LL_SetupStage  usbd_core.o
    0x0800aeac   0x0800aeac   0x00000012   Code   RO          612    i.USBD_LL_StallEP   usbd_conf.o
    0x0800aebe   0x0800aebe   0x00000012   Code   RO          613    i.USBD_LL_Start     usbd_conf.o
    0x0800aed0   0x0800aed0   0x00000012   Code   RO         3664    i.USBD_LL_Suspend   usbd_core.o
    0x0800aee2   0x0800aee2   0x00000012   Code   RO          615    i.USBD_LL_Transmit  usbd_conf.o
    0x0800aef4   0x0800aef4   0x00000028   Code   RO         3791    i.USBD_ParseSetupRequest  usbd_ctlreq.o
    0x0800af1c   0x0800af1c   0x00000010   Code   RO         3665    i.USBD_RegisterClass  usbd_core.o
    0x0800af2c   0x0800af2c   0x00000016   Code   RO         3667    i.USBD_SetClassConfig  usbd_core.o
    0x0800af42   0x0800af42   0x00000002   PAD
    0x0800af44   0x0800af44   0x00000084   Code   RO         3792    i.USBD_SetConfig    usbd_ctlreq.o
    0x0800afc8   0x0800afc8   0x0000000a   Code   RO         3668    i.USBD_Start        usbd_core.o
    0x0800afd2   0x0800afd2   0x00000112   Code   RO         3793    i.USBD_StdDevReq    usbd_ctlreq.o
    0x0800b0e4   0x0800b0e4   0x00000150   Code   RO         3794    i.USBD_StdEPReq     usbd_ctlreq.o
    0x0800b234   0x0800b234   0x0000004e   Code   RO         3795    i.USBD_StdItfReq    usbd_ctlreq.o
    0x0800b282   0x0800b282   0x00000002   Code   RO          616    i.USBD_static_free  usbd_conf.o
    0x0800b284   0x0800b284   0x00000008   Code   RO          617    i.USBD_static_malloc  usbd_conf.o
    0x0800b28c   0x0800b28c   0x0000029c   Code   RO         1113    i.USB_ActivateEndpoint  stm32f1xx_ll_usb.o
    0x0800b528   0x0800b528   0x00000004   Code   RO         1116    i.USB_CoreInit      stm32f1xx_ll_usb.o
    0x0800b52c   0x0800b52c   0x0000010e   Code   RO         1118    i.USB_DeactivateEndpoint  stm32f1xx_ll_usb.o
    0x0800b63a   0x0800b63a   0x00000004   Code   RO         1119    i.USB_DevConnect    stm32f1xx_ll_usb.o
    0x0800b63e   0x0800b63e   0x00000004   Code   RO         1120    i.USB_DevDisconnect  stm32f1xx_ll_usb.o
    0x0800b642   0x0800b642   0x00000012   Code   RO         1121    i.USB_DevInit       stm32f1xx_ll_usb.o
    0x0800b654   0x0800b654   0x0000000e   Code   RO         1122    i.USB_DisableGlobalInt  stm32f1xx_ll_usb.o
    0x0800b662   0x0800b662   0x00000004   Code   RO         1123    i.USB_EP0_OutStart  stm32f1xx_ll_usb.o
    0x0800b666   0x0800b666   0x00000078   Code   RO         1124    i.USB_EPClearStall  stm32f1xx_ll_usb.o
    0x0800b6de   0x0800b6de   0x00000032   Code   RO         1125    i.USB_EPSetStall    stm32f1xx_ll_usb.o
    0x0800b710   0x0800b710   0x000004e2   Code   RO         1126    i.USB_EPStartXfer   stm32f1xx_ll_usb.o
    0x0800bbf2   0x0800bbf2   0x00000012   Code   RO         1128    i.USB_EnableGlobalInt  stm32f1xx_ll_usb.o
    0x0800bc04   0x0800bc04   0x0000000c   Code   RO          308    i.USB_LP_CAN1_RX0_IRQHandler  stm32f1xx_it.o
    0x0800bc10   0x0800bc10   0x00000006   Code   RO         1135    i.USB_ReadInterrupts  stm32f1xx_ll_usb.o
    0x0800bc16   0x0800bc16   0x00000002   PAD
    0x0800bc18   0x0800bc18   0x0000002c   Code   RO         1136    i.USB_ReadPMA       stm32f1xx_ll_usb.o
    0x0800bc44   0x0800bc44   0x00000004   Code   RO         1137    i.USB_SetCurrentMode  stm32f1xx_ll_usb.o
    0x0800bc48   0x0800bc48   0x0000000c   Code   RO         1138    i.USB_SetDevAddress  stm32f1xx_ll_usb.o
    0x0800bc54   0x0800bc54   0x00000026   Code   RO         1140    i.USB_WritePMA      stm32f1xx_ll_usb.o
    0x0800bc7a   0x0800bc7a   0x00000002   Code   RO          309    i.UsageFault_Handler  stm32f1xx_it.o
    0x0800bc7c   0x0800bc7c   0x00000020   Code   RO         1789    i.__NVIC_SetPriority  stm32f1xx_hal_cortex.o
    0x0800bc9c   0x0800bc9c   0x000000ac   Code   RO           16    i.main              main.o
    0x0800bd48   0x0800bd48   0x00000012   Data   RO         1487    .constdata          stm32f1xx_hal_rcc.o
    0x0800bd5a   0x0800bd5a   0x00000010   Data   RO         3614    .constdata          system_stm32f1xx.o
    0x0800bd6a   0x0800bd6a   0x00000008   Data   RO         3615    .constdata          system_stm32f1xx.o
    0x0800bd72   0x0800bd72   0x00000002   PAD
    0x0800bd74   0x0800bd74   0x00000020   Data   RO         4162    Region$$Table       anon$$obj.o


    Execution Region RW_IRAM1 (Exec base: 0x20002800, Load base: 0x0800bd94, Size: 0x00001058, Max: 0x00002800, ABSOLUTE, COMPRESSED[0x000000a0])

    Exec Addr    Load Addr    Size         Type   Attr      Idx    E Section Name        Object

    0x20002800   COMPRESSED   0x00000001   Data   RW           17    .data               main.o
    0x20002801   COMPRESSED   0x00000003   PAD
    0x20002804   COMPRESSED   0x0000001c   Data   RW          468    .data               usbd_desc.o
    0x20002820   COMPRESSED   0x00000032   Data   RW          469    .data               usbd_desc.o
    0x20002852   COMPRESSED   0x00000002   PAD
    0x20002854   COMPRESSED   0x00000002   Data   RW          548    .data               usbd_custom_hid_if.o
    0x20002856   COMPRESSED   0x00000002   PAD
    0x20002858   COMPRESSED   0x00000010   Data   RW          549    .data               usbd_custom_hid_if.o
    0x20002868   COMPRESSED   0x0000000c   Data   RW         1324    .data               stm32f1xx_hal.o
    0x20002874   COMPRESSED   0x00000004   Data   RW         3616    .data               system_stm32f1xx.o
    0x20002878   COMPRESSED   0x00000001   Data   RW         3796    .data               usbd_ctlreq.o
    0x20002879   COMPRESSED   0x00000003   PAD
    0x2000287c   COMPRESSED   0x00000038   Data   RW         3925    .data               usbd_customhid.o
    0x200028b4   COMPRESSED   0x0000009a   Data   RW         3926    .data               usbd_customhid.o
    0x2000294e   COMPRESSED   0x00000002   PAD
    0x20002950        -       0x00000090   Zero   RW          213    .bss                tim.o
    0x200029e0        -       0x00000048   Zero   RW          260    .bss                usart.o
    0x20002a28        -       0x000002c4   Zero   RW          412    .bss                usb_device.o
    0x20002cec        -       0x00000200   Zero   RW          467    .bss                usbd_desc.o
    0x20002eec        -       0x0000030c   Zero   RW          618    .bss                usbd_conf.o
    0x200031f8        -       0x00000060   Zero   RW         4036    .bss                c_w.l(libspace.o)
    0x20003258        -       0x00000200   Zero   RW            2    HEAP                startup_stm32f103xb.o
    0x20003458        -       0x00000400   Zero   RW            1    STACK               startup_stm32f103xb.o


==============================================================================

Image component sizes


      Code (inc. data)   RO Data    RW Data    ZI Data      Debug   Object Name

       112          8          0          0          0        871   gpio.o
       334         78          0          1          0     446301   main.o
        64         26        236          0       1536        788   startup_stm32f103xb.o
       164         28          0         12          0       5729   stm32f1xx_hal.o
       198         14          0          0          0      28827   stm32f1xx_hal_cortex.o
       222          4          0          0          0       1707   stm32f1xx_hal_dma.o
       506         34          0          0          0       3417   stm32f1xx_hal_gpio.o
        60          8          0          0          0        826   stm32f1xx_hal_msp.o
      3076          0          0          0          0      13401   stm32f1xx_hal_pcd.o
        60          0          0          0          0       1134   stm32f1xx_hal_pcd_ex.o
      1240         84         18          0          0       4992   stm32f1xx_hal_rcc.o
       236         12          0          0          0       1340   stm32f1xx_hal_rcc_ex.o
       524         14          0          0          0       5903   stm32f1xx_hal_tim.o
       104         12          0          0          0       1316   stm32f1xx_hal_tim_ex.o
      1554         10          0          0          0      10584   stm32f1xx_hal_uart.o
        44         12          0          0          0       4531   stm32f1xx_it.o
      2528          0          0          0          0      15727   stm32f1xx_ll_usb.o
         2          0         24          4          0       1055   system_stm32f1xx.o
       264         22          0          0        144       2199   tim.o
       184         20          0          0         72       1606   usart.o
        84         18          0          0        708       2190   usb_device.o
       532         28          0          0        780      13149   usbd_conf.o
       670          0          0          0          0       9171   usbd_core.o
      1186         28          0          1          0       7724   usbd_ctlreq.o
        12          0          0         18          0       1976   usbd_custom_hid_if.o
       504         30          0        210          0       9670   usbd_customhid.o
       312        128          0         78        512       5733   usbd_desc.o
       132          0          0          0          0       4176   usbd_ioreq.o

    ----------------------------------------------------------------------
     14934        618        312        336       3752     606043   Object Totals
         0          0         32          0          0          0   (incl. Generated)
        26          0          2         12          0          0   (incl. Padding)

    ----------------------------------------------------------------------

      Code (inc. data)   RO Data    RW Data    ZI Data      Debug   Library Member Name

        90          0          0          0          0          0   __dczerorl2.o
         8          0          0          0          0         68   __main.o
         0          0          0          0          0          0   __rtentry.o
        12          0          0          0          0          0   __rtentry2.o
         6          0          0          0          0          0   __rtentry4.o
        52          8          0          0          0          0   __scatter.o
        28          0          0          0          0          0   __scatter_zi.o
        18          0          0          0          0         80   exit.o
         6          0          0          0          0        152   heapauxi.o
         0          0          0          0          0          0   indicate_semi.o
         2          0          0          0          0          0   libinit.o
         2          0          0          0          0          0   libinit2.o
         2          0          0          0          0          0   libshutdown.o
         2          0          0          0          0          0   libshutdown2.o
         8          4          0          0         96         68   libspace.o
        78          0          0          0          0         80   rt_memclr_w.o
       100          0          0          0          0         80   rt_memcpy_w.o
         2          0          0          0          0          0   rtexit.o
        10          0          0          0          0          0   rtexit2.o
        12          4          0          0          0         68   sys_exit.o
        74          0          0          0          0         80   sys_stackheap_outer.o
         2          0          0          0          0         68   use_no_semi.o

    ----------------------------------------------------------------------
       518         16          0          0         96        744   Library Totals
         4          0          0          0          0          0   (incl. Padding)

    ----------------------------------------------------------------------

      Code (inc. data)   RO Data    RW Data    ZI Data      Debug   Library Name

       514         16          0          0         96        744   c_w.l

    ----------------------------------------------------------------------
       518         16          0          0         96        744   Library Totals

    ----------------------------------------------------------------------

==============================================================================


      Code (inc. data)   RO Data    RW Data    ZI Data      Debug   

     15452        634        312        336       3848     598099   Grand Totals
     15452        634        312        160       3848     598099   ELF Image Totals (compressed)
     15452        634        312        160          0          0   ROM Totals

==============================================================================

    Total RO  Size (Code + RO Data)                15764 (  15.39kB)
    Total RW  Size (RW Data + ZI Data)              4184 (   4.09kB)
    Total ROM Size (Code + RO Data + RW Data)      15924 (  15.55kB)

==============================================================================

